<?xml version="1.0" encoding="UTF-8"?>
  <testsuites tests="406" disabled="405" errors="1" failures="0" time="146.607173716">
      <testsuite name="OSD E2E tests" package="/Users/dsantama/Documents/GitHub/osde2e" tests="406" disabled="0" skipped="405" errors="1" failures="0" time="146.607173716" timestamp="2022-12-05T16:28:47">
          <properties>
              <property name="SuiteSucceeded" value="false"></property>
              <property name="SuiteHasProgrammaticFocus" value="false"></property>
              <property name="SpecialSuiteFailureReason" value="Interrupted by User"></property>
              <property name="SuiteLabels" value="[]"></property>
              <property name="RandomSeed" value="1670282927"></property>
              <property name="RandomizeAllSpecs" value="false"></property>
              <property name="LabelFilter" value=""></property>
              <property name="FocusStrings" value=""></property>
              <property name="SkipStrings" value=""></property>
              <property name="FocusFiles" value=""></property>
              <property name="SkipFiles" value=""></property>
              <property name="FailOnPending" value="false"></property>
              <property name="FailFast" value="false"></property>
              <property name="FlakeAttempts" value="0"></property>
              <property name="DryRun" value="false"></property>
              <property name="ParallelTotal" value="1"></property>
              <property name="OutputInterceptorMode" value=""></property>
          </properties>
          <testcase name="[It] [Suite: informing] [OSD] Route Monitor Operator (rmo) clusterServiceVersion openshift-route-monitor-operator/Route Monitor Operator should be present and in succeeded state" classname="OSD E2E tests" status="interrupted" time="146.602669889">
              <error message="Interrupted by User" type="interrupted">[INTERRUPTED] Interrupted by User&#xA;In [It] at: /Users/dsantama/Documents/GitHub/osde2e/pkg/tests/operators/operators.go:33 @ 12/05/22 16:30:44.318&#xA;&#xA;This is the Progress Report generated when the interrupt was received:&#xA;  [Suite: informing] [OSD] Route Monitor Operator (rmo) clusterServiceVersion openshift-route-monitor-operator/Route Monitor Operator should be present and in succeeded state (Spec Runtime: 1m56.601s)&#xA;    /Users/dsantama/Documents/GitHub/osde2e/pkg/tests/operators/operators.go:33&#xA;    In [It] (Node Runtime: 1m56.601s)&#xA;      /Users/dsantama/Documents/GitHub/osde2e/pkg/tests/operators/operators.go:33&#xA;&#xA;    Spec Goroutine&#xA;    goroutine 16 [select]&#xA;      github.com/onsi/gomega/internal.(*AsyncAssertion).match(0xc0014db730, {0x42e1a70?, 0x5da9d60}, 0x1, {0x0, 0x0, 0x0})&#xA;        /Users/dsantama/go/pkg/mod/github.com/onsi/gomega@v1.24.0/internal/async_assertion.go:426&#xA;      github.com/onsi/gomega/internal.(*AsyncAssertion).Should(0xc0014db730, {0x42e1a70, 0x5da9d60}, {0x0, 0x0, 0x0})&#xA;        /Users/dsantama/go/pkg/mod/github.com/onsi/gomega@v1.24.0/internal/async_assertion.go:110&#xA;    &gt; github.com/openshift/osde2e/pkg/common/util.GinkgoIt.func1({0x2ed0be98?, 0xc0012c5900})&#xA;        /Users/dsantama/go/pkg/mod/github.com/openshift/osde2e@v0.0.0-20221205213500-48de7b6074bb/pkg/common/util/util.go:55&#xA;          | &#x9;&#x9;&#x9;duration = time.Duration(timeout[0]) * time.Second&#xA;          | &#x9;&#x9;}&#xA;          &gt; &#x9;&#x9;Eventually(done, duration).Should(BeClosed())&#xA;          | &#x9;})&#xA;          | }&#xA;      github.com/onsi/ginkgo/v2/internal.extractBodyFunction.func2({0x42f28a8?, 0xc0012c5900})&#xA;        /Users/dsantama/go/pkg/mod/github.com/onsi/ginkgo/v2@v2.5.1/internal/node.go:438&#xA;      github.com/onsi/ginkgo/v2/internal.(*Suite).runNode.func3()&#xA;        /Users/dsantama/go/pkg/mod/github.com/onsi/ginkgo/v2@v2.5.1/internal/suite.go:820&#xA;      github.com/onsi/ginkgo/v2/internal.(*Suite).runNode&#xA;        /Users/dsantama/go/pkg/mod/github.com/onsi/ginkgo/v2@v2.5.1/internal/suite.go:807&#xA;&#xA;    Other Goroutines&#xA;    goroutine 1 [running]&#xA;      github.com/onsi/ginkgo/v2/internal.extractRunningGoroutines()&#xA;        /Users/dsantama/go/pkg/mod/github.com/onsi/ginkgo/v2@v2.5.1/internal/progress_report.go:181&#xA;      github.com/onsi/ginkgo/v2/internal.NewProgressReport(_, {{0xc0014e8440, 0x2, 0x2}, {0xc0014db6c0, 0x2, 0x2}, {0xc0014f80c0, 0x2, 0x2}, ...}, ...)&#xA;        /Users/dsantama/go/pkg/mod/github.com/onsi/ginkgo/v2@v2.5.1/internal/progress_report.go:75&#xA;      github.com/onsi/ginkgo/v2/internal.(*Suite).generateProgressReport(_, _)&#xA;        /Users/dsantama/go/pkg/mod/github.com/onsi/ginkgo/v2@v2.5.1/internal/suite.go:339&#xA;      github.com/onsi/ginkgo/v2/internal.(*Suite).runNode(_, {0x12b, 0x4, {0x3d0aaf6, 0x28}, 0xc000209650, {{0x4c9252e, 0x48}, 0x21, {0x0, ...}, ...}, ...}, ...)&#xA;        /Users/dsantama/go/pkg/mod/github.com/onsi/ginkgo/v2@v2.5.1/internal/suite.go:900&#xA;      github.com/onsi/ginkgo/v2/internal.(*group).attemptSpec(0xc0012c5880, 0x1, {{0xc001586a80?, 0xc0014db6c0?, 0x2?}, 0x0?})&#xA;        /Users/dsantama/go/pkg/mod/github.com/onsi/ginkgo/v2@v2.5.1/internal/group.go:190&#xA;      github.com/onsi/ginkgo/v2/internal.(*group).run(0xc0012c5880, {0xc0014e8420?, 0x1?, 0x0?})&#xA;        /Users/dsantama/go/pkg/mod/github.com/onsi/ginkgo/v2@v2.5.1/internal/group.go:330&#xA;      github.com/onsi/ginkgo/v2/internal.(*Suite).runSpecs(0xc0000c6000, {0x3cb1df0, 0xd}, {0x5da9d60, 0x0, 0x0}, {0xc000058094, 0x27}, 0x0, {0xc00174c000, ...})&#xA;        /Users/dsantama/go/pkg/mod/github.com/onsi/ginkgo/v2@v2.5.1/internal/suite.go:441&#xA;      github.com/onsi/ginkgo/v2/internal.(*Suite).Run(_, {_, _}, {_, _, _}, {_, _}, _, {0x42f5c08, ...}, ...)&#xA;        /Users/dsantama/go/pkg/mod/github.com/onsi/ginkgo/v2@v2.5.1/internal/suite.go:110&#xA;      github.com/onsi/ginkgo/v2.RunSpecs({0x2ed11898, 0xc0005a28c0}, {0x3cb1df0, 0xd}, {0xc00103fba8?, 0x2, 0xc00103fca8?})&#xA;        /Users/dsantama/go/pkg/mod/github.com/onsi/ginkgo/v2@v2.5.1/core_dsl.go:296&#xA;      main.main()&#xA;        /Users/dsantama/Documents/GitHub/osde2e/cmd/main.go:33&#xA;&#xA;    goroutine 9 [chan receive, 1 minutes]&#xA;      github.com/golang/glog.(*loggingT).flushDaemon(0xc0002f85a0?)&#xA;        /Users/dsantama/go/pkg/mod/github.com/golang/glog@v1.0.0/glog.go:882&#xA;      github.com/golang/glog.init.0&#xA;        /Users/dsantama/go/pkg/mod/github.com/golang/glog@v1.0.0/glog.go:410&#xA;&#xA;    goroutine 24 [select]&#xA;      go.opencensus.io/stats/view.(*worker).start(0xc0005a8d00)&#xA;        /Users/dsantama/go/pkg/mod/go.opencensus.io@v0.24.0/stats/view/worker.go:292&#xA;      go.opencensus.io/stats/view.init.0&#xA;        /Users/dsantama/go/pkg/mod/go.opencensus.io@v0.24.0/stats/view/worker.go:34&#xA;&#xA;    goroutine 66 [syscall]&#xA;      os/signal.signal_recv()&#xA;        /usr/local/Cellar/go/1.19.3/libexec/src/runtime/sigqueue.go:149&#xA;      os/signal.loop()&#xA;        /usr/local/Cellar/go/1.19.3/libexec/src/os/signal/signal_unix.go:23&#xA;      os/signal.Notify.func1.1&#xA;        /usr/local/Cellar/go/1.19.3/libexec/src/os/signal/signal.go:151&#xA;&#xA;    goroutine 26 [select]&#xA;      github.com/onsi/ginkgo/v2/internal/interrupt_handler.(*InterruptHandler).registerForInterrupts.func2(0x0?)&#xA;        /Users/dsantama/go/pkg/mod/github.com/onsi/ginkgo/v2@v2.5.1/internal/interrupt_handler/interrupt_handler.go:123&#xA;      github.com/onsi/ginkgo/v2/internal/interrupt_handler.(*InterruptHandler).registerForInterrupts&#xA;        /Users/dsantama/go/pkg/mod/github.com/onsi/ginkgo/v2@v2.5.1/internal/interrupt_handler/interrupt_handler.go:120&#xA;&#xA;    goroutine 15 [select, 1 minutes]&#xA;      github.com/onsi/ginkgo/v2/internal.RegisterForProgressSignal.func1()&#xA;        /Users/dsantama/go/pkg/mod/github.com/onsi/ginkgo/v2@v2.5.1/internal/progress_report.go:32&#xA;      github.com/onsi/ginkgo/v2/internal.RegisterForProgressSignal&#xA;        /Users/dsantama/go/pkg/mod/github.com/onsi/ginkgo/v2@v2.5.1/internal/progress_report.go:30&#xA;</error>
              <system-err>&gt; Enter [It] should be present and in succeeded state - /Users/dsantama/Documents/GitHub/osde2e/pkg/tests/operators/operators.go:33 @ 12/05/22 16:28:47.714&#xA;[INTERRUPTED] Interrupted by User&#xA;In [It] at: /Users/dsantama/Documents/GitHub/osde2e/pkg/tests/operators/operators.go:33 @ 12/05/22 16:30:44.318&#xA;&#xA;This is the Progress Report generated when the interrupt was received:&#xA;  [Suite: informing] [OSD] Route Monitor Operator (rmo) clusterServiceVersion openshift-route-monitor-operator/Route Monitor Operator should be present and in succeeded state (Spec Runtime: 1m56.601s)&#xA;    /Users/dsantama/Documents/GitHub/osde2e/pkg/tests/operators/operators.go:33&#xA;    In [It] (Node Runtime: 1m56.601s)&#xA;      /Users/dsantama/Documents/GitHub/osde2e/pkg/tests/operators/operators.go:33&#xA;&#xA;    Spec Goroutine&#xA;    goroutine 16 [select]&#xA;      github.com/onsi/gomega/internal.(*AsyncAssertion).match(0xc0014db730, {0x42e1a70?, 0x5da9d60}, 0x1, {0x0, 0x0, 0x0})&#xA;        /Users/dsantama/go/pkg/mod/github.com/onsi/gomega@v1.24.0/internal/async_assertion.go:426&#xA;      github.com/onsi/gomega/internal.(*AsyncAssertion).Should(0xc0014db730, {0x42e1a70, 0x5da9d60}, {0x0, 0x0, 0x0})&#xA;        /Users/dsantama/go/pkg/mod/github.com/onsi/gomega@v1.24.0/internal/async_assertion.go:110&#xA;    &gt; github.com/openshift/osde2e/pkg/common/util.GinkgoIt.func1({0x2ed0be98?, 0xc0012c5900})&#xA;        /Users/dsantama/go/pkg/mod/github.com/openshift/osde2e@v0.0.0-20221205213500-48de7b6074bb/pkg/common/util/util.go:55&#xA;          | &#x9;&#x9;&#x9;duration = time.Duration(timeout[0]) * time.Second&#xA;          | &#x9;&#x9;}&#xA;          &gt; &#x9;&#x9;Eventually(done, duration).Should(BeClosed())&#xA;          | &#x9;})&#xA;          | }&#xA;      github.com/onsi/ginkgo/v2/internal.extractBodyFunction.func2({0x42f28a8?, 0xc0012c5900})&#xA;        /Users/dsantama/go/pkg/mod/github.com/onsi/ginkgo/v2@v2.5.1/internal/node.go:438&#xA;      github.com/onsi/ginkgo/v2/internal.(*Suite).runNode.func3()&#xA;        /Users/dsantama/go/pkg/mod/github.com/onsi/ginkgo/v2@v2.5.1/internal/suite.go:820&#xA;      github.com/onsi/ginkgo/v2/internal.(*Suite).runNode&#xA;        /Users/dsantama/go/pkg/mod/github.com/onsi/ginkgo/v2@v2.5.1/internal/suite.go:807&#xA;&#xA;    Other Goroutines&#xA;    goroutine 1 [running]&#xA;      github.com/onsi/ginkgo/v2/internal.extractRunningGoroutines()&#xA;        /Users/dsantama/go/pkg/mod/github.com/onsi/ginkgo/v2@v2.5.1/internal/progress_report.go:181&#xA;      github.com/onsi/ginkgo/v2/internal.NewProgressReport(_, {{0xc0014e8440, 0x2, 0x2}, {0xc0014db6c0, 0x2, 0x2}, {0xc0014f80c0, 0x2, 0x2}, ...}, ...)&#xA;        /Users/dsantama/go/pkg/mod/github.com/onsi/ginkgo/v2@v2.5.1/internal/progress_report.go:75&#xA;      github.com/onsi/ginkgo/v2/internal.(*Suite).generateProgressReport(_, _)&#xA;        /Users/dsantama/go/pkg/mod/github.com/onsi/ginkgo/v2@v2.5.1/internal/suite.go:339&#xA;      github.com/onsi/ginkgo/v2/internal.(*Suite).runNode(_, {0x12b, 0x4, {0x3d0aaf6, 0x28}, 0xc000209650, {{0x4c9252e, 0x48}, 0x21, {0x0, ...}, ...}, ...}, ...)&#xA;        /Users/dsantama/go/pkg/mod/github.com/onsi/ginkgo/v2@v2.5.1/internal/suite.go:900&#xA;      github.com/onsi/ginkgo/v2/internal.(*group).attemptSpec(0xc0012c5880, 0x1, {{0xc001586a80?, 0xc0014db6c0?, 0x2?}, 0x0?})&#xA;        /Users/dsantama/go/pkg/mod/github.com/onsi/ginkgo/v2@v2.5.1/internal/group.go:190&#xA;      github.com/onsi/ginkgo/v2/internal.(*group).run(0xc0012c5880, {0xc0014e8420?, 0x1?, 0x0?})&#xA;        /Users/dsantama/go/pkg/mod/github.com/onsi/ginkgo/v2@v2.5.1/internal/group.go:330&#xA;      github.com/onsi/ginkgo/v2/internal.(*Suite).runSpecs(0xc0000c6000, {0x3cb1df0, 0xd}, {0x5da9d60, 0x0, 0x0}, {0xc000058094, 0x27}, 0x0, {0xc00174c000, ...})&#xA;        /Users/dsantama/go/pkg/mod/github.com/onsi/ginkgo/v2@v2.5.1/internal/suite.go:441&#xA;      github.com/onsi/ginkgo/v2/internal.(*Suite).Run(_, {_, _}, {_, _, _}, {_, _}, _, {0x42f5c08, ...}, ...)&#xA;        /Users/dsantama/go/pkg/mod/github.com/onsi/ginkgo/v2@v2.5.1/internal/suite.go:110&#xA;      github.com/onsi/ginkgo/v2.RunSpecs({0x2ed11898, 0xc0005a28c0}, {0x3cb1df0, 0xd}, {0xc00103fba8?, 0x2, 0xc00103fca8?})&#xA;        /Users/dsantama/go/pkg/mod/github.com/onsi/ginkgo/v2@v2.5.1/core_dsl.go:296&#xA;      main.main()&#xA;        /Users/dsantama/Documents/GitHub/osde2e/cmd/main.go:33&#xA;&#xA;    goroutine 9 [chan receive, 1 minutes]&#xA;      github.com/golang/glog.(*loggingT).flushDaemon(0xc0002f85a0?)&#xA;        /Users/dsantama/go/pkg/mod/github.com/golang/glog@v1.0.0/glog.go:882&#xA;      github.com/golang/glog.init.0&#xA;        /Users/dsantama/go/pkg/mod/github.com/golang/glog@v1.0.0/glog.go:410&#xA;&#xA;    goroutine 24 [select]&#xA;      go.opencensus.io/stats/view.(*worker).start(0xc0005a8d00)&#xA;        /Users/dsantama/go/pkg/mod/go.opencensus.io@v0.24.0/stats/view/worker.go:292&#xA;      go.opencensus.io/stats/view.init.0&#xA;        /Users/dsantama/go/pkg/mod/go.opencensus.io@v0.24.0/stats/view/worker.go:34&#xA;&#xA;    goroutine 66 [syscall]&#xA;      os/signal.signal_recv()&#xA;        /usr/local/Cellar/go/1.19.3/libexec/src/runtime/sigqueue.go:149&#xA;      os/signal.loop()&#xA;        /usr/local/Cellar/go/1.19.3/libexec/src/os/signal/signal_unix.go:23&#xA;      os/signal.Notify.func1.1&#xA;        /usr/local/Cellar/go/1.19.3/libexec/src/os/signal/signal.go:151&#xA;&#xA;    goroutine 26 [select]&#xA;      github.com/onsi/ginkgo/v2/internal/interrupt_handler.(*InterruptHandler).registerForInterrupts.func2(0x0?)&#xA;        /Users/dsantama/go/pkg/mod/github.com/onsi/ginkgo/v2@v2.5.1/internal/interrupt_handler/interrupt_handler.go:123&#xA;      github.com/onsi/ginkgo/v2/internal/interrupt_handler.(*InterruptHandler).registerForInterrupts&#xA;        /Users/dsantama/go/pkg/mod/github.com/onsi/ginkgo/v2@v2.5.1/internal/interrupt_handler/interrupt_handler.go:120&#xA;&#xA;    goroutine 15 [select, 1 minutes]&#xA;      github.com/onsi/ginkgo/v2/internal.RegisterForProgressSignal.func1()&#xA;        /Users/dsantama/go/pkg/mod/github.com/onsi/ginkgo/v2@v2.5.1/internal/progress_report.go:32&#xA;      github.com/onsi/ginkgo/v2/internal.RegisterForProgressSignal&#xA;        /Users/dsantama/go/pkg/mod/github.com/onsi/ginkgo/v2@v2.5.1/internal/progress_report.go:30&#xA;Interrupted by User&#xA;First interrupt received; Ginkgo will run any cleanup and reporting nodes but will skip all remaining specs.  Interrupt again to skip cleanup.&#xA;Here&#39;s a current progress report:&#xA;  [Suite: informing] [OSD] Route Monitor Operator (rmo) clusterServiceVersion openshift-route-monitor-operator/Route Monitor Operator should be present and in succeeded state (Spec Runtime: 1m56.601s)&#xA;    /Users/dsantama/Documents/GitHub/osde2e/pkg/tests/operators/operators.go:33&#xA;    In [It] (Node Runtime: 1m56.601s)&#xA;      /Users/dsantama/Documents/GitHub/osde2e/pkg/tests/operators/operators.go:33&#xA;&#xA;    Spec Goroutine&#xA;    goroutine 16 [select]&#xA;      github.com/onsi/gomega/internal.(*AsyncAssertion).match(0xc0014db730, {0x42e1a70?, 0x5da9d60}, 0x1, {0x0, 0x0, 0x0})&#xA;        /Users/dsantama/go/pkg/mod/github.com/onsi/gomega@v1.24.0/internal/async_assertion.go:426&#xA;      github.com/onsi/gomega/internal.(*AsyncAssertion).Should(0xc0014db730, {0x42e1a70, 0x5da9d60}, {0x0, 0x0, 0x0})&#xA;        /Users/dsantama/go/pkg/mod/github.com/onsi/gomega@v1.24.0/internal/async_assertion.go:110&#xA;    &gt; github.com/openshift/osde2e/pkg/common/util.GinkgoIt.func1({0x2ed0be98?, 0xc0012c5900})&#xA;        /Users/dsantama/go/pkg/mod/github.com/openshift/osde2e@v0.0.0-20221205213500-48de7b6074bb/pkg/common/util/util.go:55&#xA;          | &#x9;&#x9;&#x9;duration = time.Duration(timeout[0]) * time.Second&#xA;          | &#x9;&#x9;}&#xA;          &gt; &#x9;&#x9;Eventually(done, duration).Should(BeClosed())&#xA;          | &#x9;})&#xA;          | }&#xA;      github.com/onsi/ginkgo/v2/internal.extractBodyFunction.func2({0x42f28a8?, 0xc0012c5900})&#xA;        /Users/dsantama/go/pkg/mod/github.com/onsi/ginkgo/v2@v2.5.1/internal/node.go:438&#xA;      github.com/onsi/ginkgo/v2/internal.(*Suite).runNode.func3()&#xA;        /Users/dsantama/go/pkg/mod/github.com/onsi/ginkgo/v2@v2.5.1/internal/suite.go:820&#xA;      github.com/onsi/ginkgo/v2/internal.(*Suite).runNode&#xA;        /Users/dsantama/go/pkg/mod/github.com/onsi/ginkgo/v2@v2.5.1/internal/suite.go:807&#xA;&lt; Exit [It] should be present and in succeeded state - /Users/dsantama/Documents/GitHub/osde2e/pkg/tests/operators/operators.go:33 @ 12/05/22 16:31:14.321 (2m26.603s)&#xA;</system-err>
          </testcase>
          <testcase name="[It] [Suite: informing] [OSD] Route Monitor Operator (rmo) deployment should exist" classname="OSD E2E tests" status="skipped" time="0">
              <skipped message="skipped"></skipped>
          </testcase>
          <testcase name="[It] [Suite: informing] [OSD] Route Monitor Operator (rmo) deployment should have all desired replicas ready" classname="OSD E2E tests" status="skipped" time="0">
              <skipped message="skipped"></skipped>
          </testcase>
          <testcase name="[It] [Suite: informing] [OSD] Route Monitor Operator (rmo) clusterRoles should exist" classname="OSD E2E tests" status="skipped" time="0">
              <skipped message="skipped"></skipped>
          </testcase>
          <testcase name="[It] [Suite: informing] [OSD] Route Monitor Operator (rmo) Operator Upgrade should upgrade from the replaced version" classname="OSD E2E tests" status="skipped" time="0">
              <skipped message="skipped"></skipped>
          </testcase>
          <testcase name="[It] [Suite: informing] [OSD] Route Monitor Operator (rmo) rmo Route Monitor Operator regression for console has all of the required resouces" classname="OSD E2E tests" status="skipped" time="0">
              <skipped message="skipped"></skipped>
          </testcase>
          <testcase name="[It] [Suite: informing] [OSD] Route Monitor Operator (rmo) rmo Route Monitor Operator integration test Creates and deletes a RouteMonitor to see if it works accordingly" classname="OSD E2E tests" status="skipped" time="0">
              <skipped message="skipped"></skipped>
          </testcase>
          <testcase name="[It] [Suite: informing] CloudIngressOperator Operator Upgrade should upgrade from the replaced version" classname="OSD E2E tests" status="skipped" time="0">
              <skipped message="skipped"></skipped>
          </testcase>
          <testcase name="[It] [Suite: informing] CloudIngressOperator pods should have 0 or less restart(s)" classname="OSD E2E tests" status="skipped" time="0">
              <skipped message="skipped"></skipped>
          </testcase>
          <testcase name="[It] [Suite: operators] [OSD] Managed Velero Operator configmaps should exist" classname="OSD E2E tests" status="skipped" time="0">
              <skipped message="skipped"></skipped>
          </testcase>
          <testcase name="[It] [Suite: operators] [OSD] Managed Velero Operator deployment should exist" classname="OSD E2E tests" status="skipped" time="0">
              <skipped message="skipped"></skipped>
          </testcase>
          <testcase name="[It] [Suite: operators] [OSD] Managed Velero Operator deployment should have all desired replicas ready" classname="OSD E2E tests" status="skipped" time="0">
              <skipped message="skipped"></skipped>
          </testcase>
          <testcase name="[It] [Suite: operators] [OSD] Managed Velero Operator deployment should exist" classname="OSD E2E tests" status="skipped" time="0">
              <skipped message="skipped"></skipped>
          </testcase>
          <testcase name="[It] [Suite: operators] [OSD] Managed Velero Operator deployment should have all desired replicas ready" classname="OSD E2E tests" status="skipped" time="0">
              <skipped message="skipped"></skipped>
          </testcase>
          <testcase name="[It] [Suite: operators] [OSD] Managed Velero Operator roles should exist" classname="OSD E2E tests" status="skipped" time="0">
              <skipped message="skipped"></skipped>
          </testcase>
          <testcase name="[It] [Suite: operators] [OSD] Managed Velero Operator roleBindings should exist" classname="OSD E2E tests" status="skipped" time="0">
              <skipped message="skipped"></skipped>
          </testcase>
          <testcase name="[It] [Suite: operators] [OSD] Managed Velero Operator velero backups should be complete" classname="OSD E2E tests" status="skipped" time="0">
              <skipped message="skipped"></skipped>
          </testcase>
          <testcase name="[It] [Suite: operators] [OSD] Managed Velero Operator velero Access should be forbidden to edit Backups" classname="OSD E2E tests" status="skipped" time="0">
              <skipped message="skipped"></skipped>
          </testcase>
          <testcase name="[It] [Suite: operators] [OSD] Managed Velero Operator velero Access should be forbidden to edit Restore" classname="OSD E2E tests" status="skipped" time="0">
              <skipped message="skipped"></skipped>
          </testcase>
          <testcase name="[It] [Suite: operators] [OSD] Managed Velero Operator velero Access should be forbidden to edit DeleteBackupRequests" classname="OSD E2E tests" status="skipped" time="0">
              <skipped message="skipped"></skipped>
          </testcase>
          <testcase name="[It] [Suite: operators] [OSD] Managed Velero Operator velero Access should be forbidden to edit BackupStorageLocations" classname="OSD E2E tests" status="skipped" time="0">
              <skipped message="skipped"></skipped>
          </testcase>
          <testcase name="[It] [Suite: operators] [OSD] Managed Velero Operator velero Access should be forbidden to edit DownloadRequests" classname="OSD E2E tests" status="skipped" time="0">
              <skipped message="skipped"></skipped>
          </testcase>
          <testcase name="[It] [Suite: operators] [OSD] Managed Velero Operator velero Access should be forbidden to edit PodVolumeBackups" classname="OSD E2E tests" status="skipped" time="0">
              <skipped message="skipped"></skipped>
          </testcase>
          <testcase name="[It] [Suite: operators] [OSD] Managed Velero Operator velero Access should be forbidden to edit PodVolumeRestores" classname="OSD E2E tests" status="skipped" time="0">
              <skipped message="skipped"></skipped>
          </testcase>
          <testcase name="[It] [Suite: operators] [OSD] Managed Velero Operator velero Access should be forbidden to edit VolumeSnapshotLocations" classname="OSD E2E tests" status="skipped" time="0">
              <skipped message="skipped"></skipped>
          </testcase>
          <testcase name="[It] [Suite: operators] [OSD] Managed Velero Operator velero Access should be forbidden to edit Schedules" classname="OSD E2E tests" status="skipped" time="0">
              <skipped message="skipped"></skipped>
          </testcase>
          <testcase name="[It] [Suite: operators] [OSD] Managed Velero Operator velero Access should be forbidden to edit ServerStatusRequests" classname="OSD E2E tests" status="skipped" time="0">
              <skipped message="skipped"></skipped>
          </testcase>
          <testcase name="[It] [Suite: operators] [OSD] Managed Velero Operator velero Access should be forbidden to edit RestricRepository" classname="OSD E2E tests" status="skipped" time="0">
              <skipped message="skipped"></skipped>
          </testcase>
          <testcase name="[It] [Suite: operators] [OSD] Managed Velero Operator velero Access should be allowed to edit Backups" classname="OSD E2E tests" status="skipped" time="0">
              <skipped message="skipped"></skipped>
          </testcase>
          <testcase name="[It] [Suite: operators] [OSD] Managed Velero Operator velero Access should be allowed to edit Restore" classname="OSD E2E tests" status="skipped" time="0">
              <skipped message="skipped"></skipped>
          </testcase>
          <testcase name="[It] [Suite: operators] [OSD] Managed Velero Operator velero Access should be allowed to edit DeleteBackupRequests" classname="OSD E2E tests" status="skipped" time="0">
              <skipped message="skipped"></skipped>
          </testcase>
          <testcase name="[It] [Suite: operators] [OSD] Managed Velero Operator velero Access should be allowed to edit BackupStorageLocations" classname="OSD E2E tests" status="skipped" time="0">
              <skipped message="skipped"></skipped>
          </testcase>
          <testcase name="[It] [Suite: operators] [OSD] Managed Velero Operator velero Access should be allowed to edit DownloadRequests" classname="OSD E2E tests" status="skipped" time="0">
              <skipped message="skipped"></skipped>
          </testcase>
          <testcase name="[It] [Suite: operators] [OSD] Managed Velero Operator velero Access should be allowed to edit PodVolumeBackups" classname="OSD E2E tests" status="skipped" time="0">
              <skipped message="skipped"></skipped>
          </testcase>
          <testcase name="[It] [Suite: operators] [OSD] Managed Velero Operator velero Access should be allowed to edit PodVolumeRestores" classname="OSD E2E tests" status="skipped" time="0">
              <skipped message="skipped"></skipped>
          </testcase>
          <testcase name="[It] [Suite: operators] [OSD] Managed Velero Operator velero Access should be allowed to edit VolumeSnapshotLocations" classname="OSD E2E tests" status="skipped" time="0">
              <skipped message="skipped"></skipped>
          </testcase>
          <testcase name="[It] [Suite: operators] [OSD] Managed Velero Operator velero Access should be allowed to edit Schedules" classname="OSD E2E tests" status="skipped" time="0">
              <skipped message="skipped"></skipped>
          </testcase>
          <testcase name="[It] [Suite: operators] [OSD] Managed Velero Operator velero Access should be allowed to edit ServerStatusRequests" classname="OSD E2E tests" status="skipped" time="0">
              <skipped message="skipped"></skipped>
          </testcase>
          <testcase name="[It] [Suite: operators] [OSD] Managed Velero Operator velero Access should be allowed to edit RestricRepository" classname="OSD E2E tests" status="skipped" time="0">
              <skipped message="skipped"></skipped>
          </testcase>
          <testcase name="[It] [Suite: operators] [OSD] Managed Velero Operator clusterRoles should exist" classname="OSD E2E tests" status="skipped" time="0">
              <skipped message="skipped"></skipped>
          </testcase>
          <testcase name="[It] [Suite: operators] [OSD] Managed Velero Operator clusterRoleBindings should exist" classname="OSD E2E tests" status="skipped" time="0">
              <skipped message="skipped"></skipped>
          </testcase>
          <testcase name="[It] [Suite: e2e] Storage storage create PVCs" classname="OSD E2E tests" status="skipped" time="0">
              <skipped message="skipped"></skipped>
          </testcase>
          <testcase name="[It] [Suite: e2e] Storage sc-list should be able to be expanded" classname="OSD E2E tests" status="skipped" time="0">
              <skipped message="skipped"></skipped>
          </testcase>
          <testcase name="[It] [Suite: e2e] [OSD] namespace validating webhook namespace validating webhook dedicated admins cannot manage privileged namespaces" classname="OSD E2E tests" status="skipped" time="0">
              <skipped message="skipped"></skipped>
          </testcase>
          <testcase name="[It] [Suite: e2e] [OSD] namespace validating webhook namespace validating webhook Non-privileged users cannot manage privileged namespaces" classname="OSD E2E tests" status="skipped" time="0">
              <skipped message="skipped"></skipped>
          </testcase>
          <testcase name="[It] [Suite: e2e] [OSD] namespace validating webhook namespace validating webhook Privileged users can manage all namespaces" classname="OSD E2E tests" status="skipped" time="0">
              <skipped message="skipped"></skipped>
          </testcase>
          <testcase name="[It] [Suite: e2e] [OSD] namespace validating webhook namespace validating webhook Non-privileged users can manage all non-privileged namespaces" classname="OSD E2E tests" status="skipped" time="0">
              <skipped message="skipped"></skipped>
          </testcase>
          <testcase name="[It] [Suite: e2e] [OSD] namespace validating webhook namespace validating webhook dedicated admin can not create PrometheusRule" classname="OSD E2E tests" status="skipped" time="0">
              <skipped message="skipped"></skipped>
          </testcase>
          <testcase name="[It] [Suite: e2e] [OSD] namespace validating webhook namespace validating webhook Non-privileged users cannot create prometheusrule in privileged namespaces" classname="OSD E2E tests" status="skipped" time="0">
              <skipped message="skipped"></skipped>
          </testcase>
          <testcase name="[It] [Suite: e2e] [OSD] namespace validating webhook namespace validating webhook Privileged users can create prometheusrule in all namespaces" classname="OSD E2E tests" status="skipped" time="0">
              <skipped message="skipped"></skipped>
          </testcase>
          <testcase name="[It] [Suite: e2e] [OSD] namespace validating webhook namespace validating webhook Non-privileged users can create prometheusrule all non-privileged namespaces" classname="OSD E2E tests" status="skipped" time="0">
              <skipped message="skipped"></skipped>
          </testcase>
          <testcase name="[It] [Suite: informing] [OSD] Deployment Validation Operator (dvo) deployment should exist" classname="OSD E2E tests" status="skipped" time="0">
              <skipped message="skipped"></skipped>
          </testcase>
          <testcase name="[It] [Suite: informing] [OSD] Deployment Validation Operator (dvo) deployment should have all desired replicas ready" classname="OSD E2E tests" status="skipped" time="0">
              <skipped message="skipped"></skipped>
          </testcase>
          <testcase name="[It] [Suite: informing] [OSD] Deployment Validation Operator (dvo) service should exist" classname="OSD E2E tests" status="skipped" time="0">
              <skipped message="skipped"></skipped>
          </testcase>
          <testcase name="[It] [Suite: informing] [OSD] Deployment Validation Operator (dvo) pods should have 3 or less restart(s)" classname="OSD E2E tests" status="skipped" time="0">
              <skipped message="skipped"></skipped>
          </testcase>
          <testcase name="[It] [Suite: informing] [OSD] Deployment Validation Operator (dvo) clusterRoles should exist" classname="OSD E2E tests" status="skipped" time="0">
              <skipped message="skipped"></skipped>
          </testcase>
          <testcase name="[It] [Suite: informing] [OSD] Deployment Validation Operator (dvo) Create and test deployment for DVO functionality" classname="OSD E2E tests" status="skipped" time="0">
              <skipped message="skipped"></skipped>
          </testcase>
          <testcase name="[It] [Suite: informing] [OSD] Deployment Validation Operator (dvo) pods Check logs in test namespace osde2e-dvo-test" classname="OSD E2E tests" status="skipped" time="0">
              <skipped message="skipped"></skipped>
          </testcase>
          <testcase name="[It] [Suite: e2e] Cluster state should have no alerts" classname="OSD E2E tests" status="skipped" time="0">
              <skipped message="skipped"></skipped>
          </testcase>
          <testcase name="[It] [Suite: operators] [OSD] Certman Operator certificate secret should be applied when cluster installed certificate secret exist under openshift-config namespace" classname="OSD E2E tests" status="skipped" time="0">
              <skipped message="skipped"></skipped>
          </testcase>
          <testcase name="[It] [Suite: operators] [OSD] Certman Operator certificate secret should be applied when cluster installed certificate secret should be applied to apiserver object" classname="OSD E2E tests" status="skipped" time="0">
              <skipped message="skipped"></skipped>
          </testcase>
          <testcase name="[It] [Suite: scale-mastervertical] Scaling should be tested with MasterVertical" classname="OSD E2E tests" status="skipped" time="0">
              <skipped message="skipped"></skipped>
          </testcase>
          <testcase name="[It] [Suite: e2e] Pods should not be Failed" classname="OSD E2E tests" status="skipped" time="0">
              <skipped message="skipped"></skipped>
          </testcase>
          <testcase name="[It] [Suite: e2e] Routes should be created for Console" classname="OSD E2E tests" status="skipped" time="0">
              <skipped message="skipped"></skipped>
          </testcase>
          <testcase name="[It] [Suite: e2e] Routes should be functioning for Console" classname="OSD E2E tests" status="skipped" time="0">
              <skipped message="skipped"></skipped>
          </testcase>
          <testcase name="[It] [Suite: e2e] Routes should be created for oauth" classname="OSD E2E tests" status="skipped" time="0">
              <skipped message="skipped"></skipped>
          </testcase>
          <testcase name="[It] [Suite: e2e] Routes should be functioning for oauth" classname="OSD E2E tests" status="skipped" time="0">
              <skipped message="skipped"></skipped>
          </testcase>
          <testcase name="[It] [Suite: e2e] [OSD] HTTP Strict Transport Security Validating HTTP strict transport security should be set for openshift-console OSD managed routes" classname="OSD E2E tests" status="skipped" time="0">
              <skipped message="skipped"></skipped>
          </testcase>
          <testcase name="[It] [Suite: e2e] [OSD] HTTP Strict Transport Security Validating HTTP strict transport security should be set for openshift-monitoring OSD managed routes" classname="OSD E2E tests" status="skipped" time="0">
              <skipped message="skipped"></skipped>
          </testcase>
          <testcase name="[It] [Suite: informing] CloudIngressOperator secondary router should be created when added to publishingstrategy " classname="OSD E2E tests" status="skipped" time="0">
              <skipped message="skipped"></skipped>
          </testcase>
          <testcase name="[It] [Suite: informing] CloudIngressOperator secondary router should be deleted when removed from publishingstrategy" classname="OSD E2E tests" status="skipped" time="0">
              <skipped message="skipped"></skipped>
          </testcase>
          <testcase name="[It] [Suite: e2e] Storage storage create PVCs" classname="OSD E2E tests" status="skipped" time="0">
              <skipped message="skipped"></skipped>
          </testcase>
          <testcase name="[It] [Suite: e2e] Storage sc-list should be able to be expanded" classname="OSD E2E tests" status="skipped" time="0">
              <skipped message="skipped"></skipped>
          </testcase>
          <testcase name="[It] [Suite: informing] CloudIngressOperator publishingstrategy-route-selector IngressController should be patched when update routeSelector matchLabels" classname="OSD E2E tests" status="skipped" time="0">
              <skipped message="skipped"></skipped>
          </testcase>
          <testcase name="[It] [Suite: informing] CloudIngressOperator publishingstrategy-route-selector IngressController should be patched when update routeSelector matchExpressions" classname="OSD E2E tests" status="skipped" time="0">
              <skipped message="skipped"></skipped>
          </testcase>
          <testcase name="[It] [Suite: informing] CloudIngressOperator publishingstrategy-route-selector IngressController should be patched when reset matchLabels and matchExpressions" classname="OSD E2E tests" status="skipped" time="0">
              <skipped message="skipped"></skipped>
          </testcase>
          <testcase name="[It] [Suite: operators] [OSD] Splunk Forwarder Operator clusterServiceVersion openshift-splunk-forwarder-operator/splunk-forwarder-operator should be present and in succeeded state" classname="OSD E2E tests" status="skipped" time="0">
              <skipped message="skipped"></skipped>
          </testcase>
          <testcase name="[It] [Suite: operators] [OSD] Splunk Forwarder Operator configmaps should exist" classname="OSD E2E tests" status="skipped" time="0">
              <skipped message="skipped"></skipped>
          </testcase>
          <testcase name="[It] [Suite: operators] [OSD] Splunk Forwarder Operator deployment should exist" classname="OSD E2E tests" status="skipped" time="0">
              <skipped message="skipped"></skipped>
          </testcase>
          <testcase name="[It] [Suite: operators] [OSD] Splunk Forwarder Operator deployment should have all desired replicas ready" classname="OSD E2E tests" status="skipped" time="0">
              <skipped message="skipped"></skipped>
          </testcase>
          <testcase name="[It] [Suite: operators] [OSD] Splunk Forwarder Operator clusterRoleBindings should exist" classname="OSD E2E tests" status="skipped" time="0">
              <skipped message="skipped"></skipped>
          </testcase>
          <testcase name="[It] [Suite: operators] [OSD] Splunk Forwarder Operator clusterRoles should exist" classname="OSD E2E tests" status="skipped" time="0">
              <skipped message="skipped"></skipped>
          </testcase>
          <testcase name="[It] [Suite: operators] [OSD] Splunk Forwarder Operator Operator Upgrade should upgrade from the replaced version" classname="OSD E2E tests" status="skipped" time="0">
              <skipped message="skipped"></skipped>
          </testcase>
          <testcase name="[It] [Suite: operators] [OSD] Splunk Forwarder Operator splunkforwarders admin should be able to manage SplunkForwarders CR" classname="OSD E2E tests" status="skipped" time="0">
              <skipped message="skipped"></skipped>
          </testcase>
          <testcase name="[It] [Suite: informing] [OSD] OCM Agent Operator Basic Test clusterServiceVersion openshift-ocm-agent-operator/ocm-agent-operator should be present and in succeeded state" classname="OSD E2E tests" status="skipped" time="0">
              <skipped message="skipped"></skipped>
          </testcase>
          <testcase name="[It] [Suite: informing] [OSD] OCM Agent Operator Basic Test deployment should exist" classname="OSD E2E tests" status="skipped" time="0">
              <skipped message="skipped"></skipped>
          </testcase>
          <testcase name="[It] [Suite: informing] [OSD] OCM Agent Operator Basic Test deployment should have all desired replicas ready" classname="OSD E2E tests" status="skipped" time="0">
              <skipped message="skipped"></skipped>
          </testcase>
          <testcase name="[It] [Suite: informing] [OSD] OCM Agent Operator Basic Test clusterRoles should exist" classname="OSD E2E tests" status="skipped" time="0">
              <skipped message="skipped"></skipped>
          </testcase>
          <testcase name="[It] [Suite: informing] [OSD] OCM Agent Operator Basic Test clusterRoleBindings should exist" classname="OSD E2E tests" status="skipped" time="0">
              <skipped message="skipped"></skipped>
          </testcase>
          <testcase name="[It] [Suite: informing] [OSD] OCM Agent Operator Basic Test deployment should exist" classname="OSD E2E tests" status="skipped" time="0">
              <skipped message="skipped"></skipped>
          </testcase>
          <testcase name="[It] [Suite: informing] [OSD] OCM Agent Operator Basic Test deployment should have all desired replicas ready" classname="OSD E2E tests" status="skipped" time="0">
              <skipped message="skipped"></skipped>
          </testcase>
          <testcase name="[It] [Suite: informing] [OSD] OCM Agent Operator Basic Test Operator Upgrade should upgrade from the replaced version" classname="OSD E2E tests" status="skipped" time="0">
              <skipped message="skipped"></skipped>
          </testcase>
          <testcase name="[It] [Suite: informing] [OSD] OCM Agent Operator Basic Test pods should have 3 or less restart(s)" classname="OSD E2E tests" status="skipped" time="0">
              <skipped message="skipped"></skipped>
          </testcase>
          <testcase name="[It] [Suite: informing] [OSD] OCM Agent Operator Basic Test Reconcile resources ocm-agent deployment should be restored when it gets deleted" classname="OSD E2E tests" status="skipped" time="0">
              <skipped message="skipped"></skipped>
          </testcase>
          <testcase name="[It] [Suite: informing] [OSD] OCM Agent Operator Basic Test Reconcile resources ocm-agent-config configmap should be restored when it gets deleted" classname="OSD E2E tests" status="skipped" time="0">
              <skipped message="skipped"></skipped>
          </testcase>
          <testcase name="[It] [Suite: informing] [OSD] OCM Agent Operator Basic Test Reconcile resources ocm-agent-token secret should be restored when it gets deleted" classname="OSD E2E tests" status="skipped" time="0">
              <skipped message="skipped"></skipped>
          </testcase>
          <testcase name="[It] [Suite: informing] [OSD] OCM Agent Operator Basic Test Reconcile resources ocm-agent-metrics servicemonitor should be restored when it gets deleted" classname="OSD E2E tests" status="skipped" time="0">
              <skipped message="skipped"></skipped>
          </testcase>
          <testcase name="[It] [Suite: informing] [OSD] OCM Agent Operator Basic Test Reconcile resources ocm-agent service should be restored when it gets deleted" classname="OSD E2E tests" status="skipped" time="0">
              <skipped message="skipped"></skipped>
          </testcase>
          <testcase name="[It] [Suite: informing] [OSD] OCM Agent Operator Basic Test Reconcile resources ocm-agent-allow-only-alertmanager  networkpolicy should restored when it gets deleted" classname="OSD E2E tests" status="skipped" time="0">
              <skipped message="skipped"></skipped>
          </testcase>
          <testcase name="[It] [Suite: informing] [OSD] pod validating webhook pod webhook Verify the validation webhook service is running" classname="OSD E2E tests" status="skipped" time="0">
              <skipped message="skipped"></skipped>
          </testcase>
          <testcase name="[It] [Suite: informing] [OSD] pod validating webhook pod webhook Test 1: Webhook will mark pod spec invalid and block deploying" classname="OSD E2E tests" status="skipped" time="0">
              <skipped message="skipped"></skipped>
          </testcase>
          <testcase name="[It] [Suite: informing] [OSD] pod validating webhook pod webhook Test 2: Webhook will mark pod spec invalid and block deploying" classname="OSD E2E tests" status="skipped" time="0">
              <skipped message="skipped"></skipped>
          </testcase>
          <testcase name="[It] [Suite: informing] [OSD] pod validating webhook pod webhook Webhook will allow pod to deploy" classname="OSD E2E tests" status="skipped" time="0">
              <skipped message="skipped"></skipped>
          </testcase>
          <testcase name="[It] [Suite: informing] [OSD] pod validating webhook pod webhook Webhook will allow pod to deploy" classname="OSD E2E tests" status="skipped" time="0">
              <skipped message="skipped"></skipped>
          </testcase>
          <testcase name="[It] [Suite: informing] [OSD] pod validating webhook pod webhook RBAC will deny deploying pod" classname="OSD E2E tests" status="skipped" time="0">
              <skipped message="skipped"></skipped>
          </testcase>
          <testcase name="[It] [Suite: informing] [OSD] pod validating webhook pod webhook RBAC will deny deploying pod" classname="OSD E2E tests" status="skipped" time="0">
              <skipped message="skipped"></skipped>
          </testcase>
          <testcase name="[It] [Suite: scale-nodes-and-pods] Scaling should be tested with NodeVertical" classname="OSD E2E tests" status="skipped" time="0">
              <skipped message="skipped"></skipped>
          </testcase>
          <testcase name="[It] [Suite: scale-nodes-and-pods] Scaling should be tested with PodVertical" classname="OSD E2E tests" status="skipped" time="0">
              <skipped message="skipped"></skipped>
          </testcase>
          <testcase name="[It] [Suite: informing] [OSD] Rebalance Infra Nodes re-balance the infra nodes with cronjob infra nodes should be rebalanced after executing the cronjob" classname="OSD E2E tests" status="skipped" time="0">
              <skipped message="skipped"></skipped>
          </testcase>
          <testcase name="[It] [Suite: operators] CloudIngressOperator publishingstrategies dedicated admin should not be allowed to manage publishingstrategies CR" classname="OSD E2E tests" status="skipped" time="0">
              <skipped message="skipped"></skipped>
          </testcase>
          <testcase name="[It] [Suite: operators] CloudIngressOperator deployment should exist" classname="OSD E2E tests" status="skipped" time="0">
              <skipped message="skipped"></skipped>
          </testcase>
          <testcase name="[It] [Suite: operators] CloudIngressOperator deployment should have all desired replicas ready" classname="OSD E2E tests" status="skipped" time="0">
              <skipped message="skipped"></skipped>
          </testcase>
          <testcase name="[It] [Suite: operators] CloudIngressOperator rh-api-test hostname should resolve" classname="OSD E2E tests" status="skipped" time="0">
              <skipped message="skipped"></skipped>
          </testcase>
          <testcase name="[It] [Suite: operators] CloudIngressOperator rh-api-test cidr block changes should updated the service" classname="OSD E2E tests" status="skipped" time="0">
              <skipped message="skipped"></skipped>
          </testcase>
          <testcase name="[It] [Suite: informing] [OSD] OCM Agent Operator Basic Test clusterServiceVersion openshift-ocm-agent-operator/ocm-agent-operator should be present and in succeeded state" classname="OSD E2E tests" status="skipped" time="0">
              <skipped message="skipped"></skipped>
          </testcase>
          <testcase name="[It] [Suite: informing] [OSD] OCM Agent Operator Basic Test deployment should exist" classname="OSD E2E tests" status="skipped" time="0">
              <skipped message="skipped"></skipped>
          </testcase>
          <testcase name="[It] [Suite: informing] [OSD] OCM Agent Operator Basic Test deployment should have all desired replicas ready" classname="OSD E2E tests" status="skipped" time="0">
              <skipped message="skipped"></skipped>
          </testcase>
          <testcase name="[It] [Suite: informing] [OSD] OCM Agent Operator Basic Test clusterRoles should exist" classname="OSD E2E tests" status="skipped" time="0">
              <skipped message="skipped"></skipped>
          </testcase>
          <testcase name="[It] [Suite: informing] [OSD] OCM Agent Operator Basic Test clusterRoleBindings should exist" classname="OSD E2E tests" status="skipped" time="0">
              <skipped message="skipped"></skipped>
          </testcase>
          <testcase name="[It] [Suite: informing] [OSD] OCM Agent Operator Basic Test deployment should exist" classname="OSD E2E tests" status="skipped" time="0">
              <skipped message="skipped"></skipped>
          </testcase>
          <testcase name="[It] [Suite: informing] [OSD] OCM Agent Operator Basic Test deployment should have all desired replicas ready" classname="OSD E2E tests" status="skipped" time="0">
              <skipped message="skipped"></skipped>
          </testcase>
          <testcase name="[It] [Suite: informing] [OSD] OCM Agent Operator Basic Test Operator Upgrade should upgrade from the replaced version" classname="OSD E2E tests" status="skipped" time="0">
              <skipped message="skipped"></skipped>
          </testcase>
          <testcase name="[It] [Suite: informing] [OSD] OCM Agent Operator Basic Test pods should have 3 or less restart(s)" classname="OSD E2E tests" status="skipped" time="0">
              <skipped message="skipped"></skipped>
          </testcase>
          <testcase name="[It] [Suite: informing] [OSD] OCM Agent Operator Basic Test Reconcile resources ocm-agent deployment should be restored when it gets deleted" classname="OSD E2E tests" status="skipped" time="0">
              <skipped message="skipped"></skipped>
          </testcase>
          <testcase name="[It] [Suite: informing] [OSD] OCM Agent Operator Basic Test Reconcile resources ocm-agent-config configmap should be restored when it gets deleted" classname="OSD E2E tests" status="skipped" time="0">
              <skipped message="skipped"></skipped>
          </testcase>
          <testcase name="[It] [Suite: informing] [OSD] OCM Agent Operator Basic Test Reconcile resources ocm-agent-token secret should be restored when it gets deleted" classname="OSD E2E tests" status="skipped" time="0">
              <skipped message="skipped"></skipped>
          </testcase>
          <testcase name="[It] [Suite: informing] [OSD] OCM Agent Operator Basic Test Reconcile resources ocm-agent-metrics servicemonitor should be restored when it gets deleted" classname="OSD E2E tests" status="skipped" time="0">
              <skipped message="skipped"></skipped>
          </testcase>
          <testcase name="[It] [Suite: informing] [OSD] OCM Agent Operator Basic Test Reconcile resources ocm-agent service should be restored when it gets deleted" classname="OSD E2E tests" status="skipped" time="0">
              <skipped message="skipped"></skipped>
          </testcase>
          <testcase name="[It] [Suite: informing] [OSD] OCM Agent Operator Basic Test Reconcile resources ocm-agent-allow-only-alertmanager  networkpolicy should restored when it gets deleted" classname="OSD E2E tests" status="skipped" time="0">
              <skipped message="skipped"></skipped>
          </testcase>
          <testcase name="[It] [Suite: informing] [OSD] techpreviewnoupgrade blocking webhook techpreviewnoupgrade webhook Webhook will block UPDATE requests if TechPreviewNoUpgrade feature set exists in FeatureGate" classname="OSD E2E tests" status="skipped" time="0">
              <skipped message="skipped"></skipped>
          </testcase>
          <testcase name="[It] [Suite: e2e] Workload (guestbook) should get created in the cluster" classname="OSD E2E tests" status="skipped" time="0">
              <skipped message="skipped"></skipped>
          </testcase>
          <testcase name="[It] [Suite: service-definition] [OSD] regularuser validating webhook regularuser validating webhook Privledged users allowed to create autoscalers and delete clusterversion objects" classname="OSD E2E tests" status="skipped" time="0">
              <skipped message="skipped"></skipped>
          </testcase>
          <testcase name="[It] [Suite: operators] [OSD] Certman Operator certificate secret should be applied when cluster installed certificate secret exist under openshift-config namespace" classname="OSD E2E tests" status="skipped" time="0">
              <skipped message="skipped"></skipped>
          </testcase>
          <testcase name="[It] [Suite: operators] [OSD] Certman Operator certificate secret should be applied when cluster installed certificate secret should be applied to apiserver object" classname="OSD E2E tests" status="skipped" time="0">
              <skipped message="skipped"></skipped>
          </testcase>
          <testcase name="[It] [Suite: operators] [OSD] OSD Metrics Exporter Basic Test clusterServiceVersion openshift-osd-metrics/osd-metrics-exporter should be present and in succeeded state" classname="OSD E2E tests" status="skipped" time="0">
              <skipped message="skipped"></skipped>
          </testcase>
          <testcase name="[It] [Suite: operators] [OSD] OSD Metrics Exporter Basic Test deployment should exist" classname="OSD E2E tests" status="skipped" time="0">
              <skipped message="skipped"></skipped>
          </testcase>
          <testcase name="[It] [Suite: operators] [OSD] OSD Metrics Exporter Basic Test deployment should have all desired replicas ready" classname="OSD E2E tests" status="skipped" time="0">
              <skipped message="skipped"></skipped>
          </testcase>
          <testcase name="[It] [Suite: operators] [OSD] OSD Metrics Exporter Basic Test clusterRoles should exist" classname="OSD E2E tests" status="skipped" time="0">
              <skipped message="skipped"></skipped>
          </testcase>
          <testcase name="[It] [Suite: operators] [OSD] OSD Metrics Exporter Basic Test clusterRoleBindings should exist" classname="OSD E2E tests" status="skipped" time="0">
              <skipped message="skipped"></skipped>
          </testcase>
          <testcase name="[It] [Suite: operators] [OSD] OSD Metrics Exporter Basic Test service should exist" classname="OSD E2E tests" status="skipped" time="0">
              <skipped message="skipped"></skipped>
          </testcase>
          <testcase name="[It] [Suite: operators] [OSD] OSD Metrics Exporter Basic Test Operator Upgrade should upgrade from the replaced version" classname="OSD E2E tests" status="skipped" time="0">
              <skipped message="skipped"></skipped>
          </testcase>
          <testcase name="[It] [Suite: informing] [OSD] Splunk Forwarder Operator clusterServiceVersion openshift-splunk-forwarder-operator/splunk-forwarder-operator should be present and in succeeded state" classname="OSD E2E tests" status="skipped" time="0">
              <skipped message="skipped"></skipped>
          </testcase>
          <testcase name="[It] [Suite: informing] [OSD] Splunk Forwarder Operator configmaps should exist" classname="OSD E2E tests" status="skipped" time="0">
              <skipped message="skipped"></skipped>
          </testcase>
          <testcase name="[It] [Suite: informing] [OSD] Splunk Forwarder Operator deployment should exist" classname="OSD E2E tests" status="skipped" time="0">
              <skipped message="skipped"></skipped>
          </testcase>
          <testcase name="[It] [Suite: informing] [OSD] Splunk Forwarder Operator deployment should have all desired replicas ready" classname="OSD E2E tests" status="skipped" time="0">
              <skipped message="skipped"></skipped>
          </testcase>
          <testcase name="[It] [Suite: informing] [OSD] Splunk Forwarder Operator clusterRoleBindings should exist" classname="OSD E2E tests" status="skipped" time="0">
              <skipped message="skipped"></skipped>
          </testcase>
          <testcase name="[It] [Suite: informing] [OSD] Splunk Forwarder Operator clusterRoles should exist" classname="OSD E2E tests" status="skipped" time="0">
              <skipped message="skipped"></skipped>
          </testcase>
          <testcase name="[It] [Suite: informing] [OSD] Splunk Forwarder Operator Operator Upgrade should upgrade from the replaced version" classname="OSD E2E tests" status="skipped" time="0">
              <skipped message="skipped"></skipped>
          </testcase>
          <testcase name="[It] [Suite: informing] [OSD] Splunk Forwarder Operator splunkforwarders dedicated admin should not be able to manage SplunkForwarders CR" classname="OSD E2E tests" status="skipped" time="0">
              <skipped message="skipped"></skipped>
          </testcase>
          <testcase name="[It] [Suite: e2e] [OSD] Samesite Cookie Strict Validating samesite cookie should be set for openshift-monitoring OSD managed routes" classname="OSD E2E tests" status="skipped" time="0">
              <skipped message="skipped"></skipped>
          </testcase>
          <testcase name="[It] [Suite: e2e] [OSD] Samesite Cookie Strict Validating samesite cookie should be set for openshift-console OSD managed routes" classname="OSD E2E tests" status="skipped" time="0">
              <skipped message="skipped"></skipped>
          </testcase>
          <testcase name="[It] [Suite: service-definition] [OSD] NodeLabels Modifying nodeLabels is not allowed node-label cannot be added" classname="OSD E2E tests" status="skipped" time="0">
              <skipped message="skipped"></skipped>
          </testcase>
          <testcase name="[It] [Suite: e2e] ImageStreams should exist in the cluster" classname="OSD E2E tests" status="skipped" time="0">
              <skipped message="skipped"></skipped>
          </testcase>
          <testcase name="[It] [Suite: informing] CloudIngressOperator publishingstrategy-dnsname IngressController should be patched when update dnsname" classname="OSD E2E tests" status="skipped" time="0">
              <skipped message="skipped"></skipped>
          </testcase>
          <testcase name="[It] [Suite: informing] CloudIngressOperator publishingstrategy-dnsname IngressController should be patched when return to the original dnsname" classname="OSD E2E tests" status="skipped" time="0">
              <skipped message="skipped"></skipped>
          </testcase>
          <testcase name="[It] [Suite: e2e] MachineHealthChecks infra MHC should exist" classname="OSD E2E tests" status="skipped" time="0">
              <skipped message="skipped"></skipped>
          </testcase>
          <testcase name="[It] [Suite: e2e] MachineHealthChecks worker MHC should exist" classname="OSD E2E tests" status="skipped" time="0">
              <skipped message="skipped"></skipped>
          </testcase>
          <testcase name="[It] [Suite: e2e] MachineHealthChecks metal worker MHC should exist" classname="OSD E2E tests" status="skipped" time="0">
              <skipped message="skipped"></skipped>
          </testcase>
          <testcase name="[It] [Suite: operators] [OSD] Configure AlertManager Operator clusterServiceVersion openshift-monitoring/configure-alertmanager-operator should be present and in succeeded state" classname="OSD E2E tests" status="skipped" time="0">
              <skipped message="skipped"></skipped>
          </testcase>
          <testcase name="[It] [Suite: operators] [OSD] Configure AlertManager Operator configmaps should exist" classname="OSD E2E tests" status="skipped" time="0">
              <skipped message="skipped"></skipped>
          </testcase>
          <testcase name="[It] [Suite: operators] [OSD] Configure AlertManager Operator deployment should exist" classname="OSD E2E tests" status="skipped" time="0">
              <skipped message="skipped"></skipped>
          </testcase>
          <testcase name="[It] [Suite: operators] [OSD] Configure AlertManager Operator deployment should have all desired replicas ready" classname="OSD E2E tests" status="skipped" time="0">
              <skipped message="skipped"></skipped>
          </testcase>
          <testcase name="[It] [Suite: operators] [OSD] Configure AlertManager Operator clusterRoles should exist" classname="OSD E2E tests" status="skipped" time="0">
              <skipped message="skipped"></skipped>
          </testcase>
          <testcase name="[It] [Suite: operators] [OSD] Configure AlertManager Operator clusterRoleBindings should exist" classname="OSD E2E tests" status="skipped" time="0">
              <skipped message="skipped"></skipped>
          </testcase>
          <testcase name="[It] [Suite: operators] [OSD] Configure AlertManager Operator serviceAccounts should exist" classname="OSD E2E tests" status="skipped" time="0">
              <skipped message="skipped"></skipped>
          </testcase>
          <testcase name="[It] [Suite: operators] [OSD] Configure AlertManager Operator roles with prefix should exist" classname="OSD E2E tests" status="skipped" time="0">
              <skipped message="skipped"></skipped>
          </testcase>
          <testcase name="[It] [Suite: operators] [OSD] Configure AlertManager Operator roles with prefix should exist" classname="OSD E2E tests" status="skipped" time="0">
              <skipped message="skipped"></skipped>
          </testcase>
          <testcase name="[It] [Suite: operators] [OSD] Configure AlertManager Operator Operator Upgrade should upgrade from the replaced version" classname="OSD E2E tests" status="skipped" time="0">
              <skipped message="skipped"></skipped>
          </testcase>
          <testcase name="[It] [Suite: informing] [OSD] techpreviewnoupgrade blocking webhook techpreviewnoupgrade webhook Webhook will block UPDATE requests if TechPreviewNoUpgrade feature set exists in FeatureGate" classname="OSD E2E tests" status="skipped" time="0">
              <skipped message="skipped"></skipped>
          </testcase>
          <testcase name="[It] [Suite: e2e] Pods should not be Failed" classname="OSD E2E tests" status="skipped" time="0">
              <skipped message="skipped"></skipped>
          </testcase>
          <testcase name="[It] [Suite: e2e] ImageStreams should exist in the cluster" classname="OSD E2E tests" status="skipped" time="0">
              <skipped message="skipped"></skipped>
          </testcase>
          <testcase name="[It] [Suite: openshift][image-ecosystem] should run until completion" classname="OSD E2E tests" status="skipped" time="0">
              <skipped message="skipped"></skipped>
          </testcase>
          <testcase name="[It] [Suite: operators] [OSD] Custom Domains Operator Should allow dedicated-admins to Create customdomains that are resolvable by external services" classname="OSD E2E tests" status="skipped" time="0">
              <skipped message="skipped"></skipped>
          </testcase>
          <testcase name="[It] [Suite: operators] [OSD] Custom Domains Operator Should allow dedicated-admins to Replace certificates" classname="OSD E2E tests" status="skipped" time="0">
              <skipped message="skipped"></skipped>
          </testcase>
          <testcase name="[It] [Suite: informing] Load Balancers router/ingress load balancer should exist" classname="OSD E2E tests" status="skipped" time="0">
              <skipped message="skipped"></skipped>
          </testcase>
          <testcase name="[It] [Suite: informing] Load Balancers external load balancer should exist" classname="OSD E2E tests" status="skipped" time="0">
              <skipped message="skipped"></skipped>
          </testcase>
          <testcase name="[It] [Suite: operators] [OSD] Splunk Forwarder Operator clusterServiceVersion openshift-splunk-forwarder-operator/splunk-forwarder-operator should be present and in succeeded state" classname="OSD E2E tests" status="skipped" time="0">
              <skipped message="skipped"></skipped>
          </testcase>
          <testcase name="[It] [Suite: operators] [OSD] Splunk Forwarder Operator configmaps should exist" classname="OSD E2E tests" status="skipped" time="0">
              <skipped message="skipped"></skipped>
          </testcase>
          <testcase name="[It] [Suite: operators] [OSD] Splunk Forwarder Operator deployment should exist" classname="OSD E2E tests" status="skipped" time="0">
              <skipped message="skipped"></skipped>
          </testcase>
          <testcase name="[It] [Suite: operators] [OSD] Splunk Forwarder Operator deployment should have all desired replicas ready" classname="OSD E2E tests" status="skipped" time="0">
              <skipped message="skipped"></skipped>
          </testcase>
          <testcase name="[It] [Suite: operators] [OSD] Splunk Forwarder Operator clusterRoleBindings should exist" classname="OSD E2E tests" status="skipped" time="0">
              <skipped message="skipped"></skipped>
          </testcase>
          <testcase name="[It] [Suite: operators] [OSD] Splunk Forwarder Operator clusterRoles should exist" classname="OSD E2E tests" status="skipped" time="0">
              <skipped message="skipped"></skipped>
          </testcase>
          <testcase name="[It] [Suite: operators] [OSD] Splunk Forwarder Operator Operator Upgrade should upgrade from the replaced version" classname="OSD E2E tests" status="skipped" time="0">
              <skipped message="skipped"></skipped>
          </testcase>
          <testcase name="[It] [Suite: operators] [OSD] Splunk Forwarder Operator splunkforwarders admin should be able to manage SplunkForwarders CR" classname="OSD E2E tests" status="skipped" time="0">
              <skipped message="skipped"></skipped>
          </testcase>
          <testcase name="[It] [Suite: operators] [OSD] Must Gather Operator clusterServiceVersion openshift-must-gather-operator/must-gather-operator should be present and in succeeded state" classname="OSD E2E tests" status="skipped" time="0">
              <skipped message="skipped"></skipped>
          </testcase>
          <testcase name="[It] [Suite: operators] [OSD] Must Gather Operator configmaps should exist" classname="OSD E2E tests" status="skipped" time="0">
              <skipped message="skipped"></skipped>
          </testcase>
          <testcase name="[It] [Suite: operators] [OSD] Must Gather Operator deployment should exist" classname="OSD E2E tests" status="skipped" time="0">
              <skipped message="skipped"></skipped>
          </testcase>
          <testcase name="[It] [Suite: operators] [OSD] Must Gather Operator deployment should have all desired replicas ready" classname="OSD E2E tests" status="skipped" time="0">
              <skipped message="skipped"></skipped>
          </testcase>
          <testcase name="[It] [Suite: operators] [OSD] Must Gather Operator clusterRoles should exist" classname="OSD E2E tests" status="skipped" time="0">
              <skipped message="skipped"></skipped>
          </testcase>
          <testcase name="[It] [Suite: operators] [OSD] Must Gather Operator Operator Upgrade should upgrade from the replaced version" classname="OSD E2E tests" status="skipped" time="0">
              <skipped message="skipped"></skipped>
          </testcase>
          <testcase name="[It] [Suite: operators] [OSD] Must Gather Operator as Members of CEE can manage MustGather CRs in openshift-must-gather-operator namespace" classname="OSD E2E tests" status="skipped" time="0">
              <skipped message="skipped"></skipped>
          </testcase>
          <testcase name="[It] [Suite: operators] [OSD] Must Gather Operator as an elevated SRE can manage MustGather CRs in openshift-must-gather-operator namespace" classname="OSD E2E tests" status="skipped" time="0">
              <skipped message="skipped"></skipped>
          </testcase>
          <testcase name="[It] [Suite: service-definition] [OSD] Privileged Containers Privileged containers are not allowed privileged container should not get created" classname="OSD E2E tests" status="skipped" time="0">
              <skipped message="skipped"></skipped>
          </testcase>
          <testcase name="[It] [Suite: operators] [OSD] Must Gather Operator clusterServiceVersion openshift-must-gather-operator/must-gather-operator should be present and in succeeded state" classname="OSD E2E tests" status="skipped" time="0">
              <skipped message="skipped"></skipped>
          </testcase>
          <testcase name="[It] [Suite: operators] [OSD] Must Gather Operator configmaps should exist" classname="OSD E2E tests" status="skipped" time="0">
              <skipped message="skipped"></skipped>
          </testcase>
          <testcase name="[It] [Suite: operators] [OSD] Must Gather Operator deployment should exist" classname="OSD E2E tests" status="skipped" time="0">
              <skipped message="skipped"></skipped>
          </testcase>
          <testcase name="[It] [Suite: operators] [OSD] Must Gather Operator deployment should have all desired replicas ready" classname="OSD E2E tests" status="skipped" time="0">
              <skipped message="skipped"></skipped>
          </testcase>
          <testcase name="[It] [Suite: operators] [OSD] Must Gather Operator clusterRoles should exist" classname="OSD E2E tests" status="skipped" time="0">
              <skipped message="skipped"></skipped>
          </testcase>
          <testcase name="[It] [Suite: operators] [OSD] Must Gather Operator Operator Upgrade should upgrade from the replaced version" classname="OSD E2E tests" status="skipped" time="0">
              <skipped message="skipped"></skipped>
          </testcase>
          <testcase name="[It] [Suite: operators] [OSD] Must Gather Operator as Members of CEE can manage MustGather CRs in openshift-must-gather-operator namespace" classname="OSD E2E tests" status="skipped" time="0">
              <skipped message="skipped"></skipped>
          </testcase>
          <testcase name="[It] [Suite: operators] [OSD] Must Gather Operator as an elevated SRE can manage MustGather CRs in openshift-must-gather-operator namespace" classname="OSD E2E tests" status="skipped" time="0">
              <skipped message="skipped"></skipped>
          </testcase>
          <testcase name="[It] [Suite: operators] [OSD] Prune jobs pruner jobs should works builds-pruner should run successfully" classname="OSD E2E tests" status="skipped" time="0">
              <skipped message="skipped"></skipped>
          </testcase>
          <testcase name="[It] [Suite: operators] [OSD] Prune jobs pruner jobs should works deployments-pruner should run successfully" classname="OSD E2E tests" status="skipped" time="0">
              <skipped message="skipped"></skipped>
          </testcase>
          <testcase name="[It] [Suite: informing] [OSD] Deployment Validation Operator (dvo) deployment should exist" classname="OSD E2E tests" status="skipped" time="0">
              <skipped message="skipped"></skipped>
          </testcase>
          <testcase name="[It] [Suite: informing] [OSD] Deployment Validation Operator (dvo) deployment should have all desired replicas ready" classname="OSD E2E tests" status="skipped" time="0">
              <skipped message="skipped"></skipped>
          </testcase>
          <testcase name="[It] [Suite: informing] [OSD] Deployment Validation Operator (dvo) service should exist" classname="OSD E2E tests" status="skipped" time="0">
              <skipped message="skipped"></skipped>
          </testcase>
          <testcase name="[It] [Suite: informing] [OSD] Deployment Validation Operator (dvo) pods should have 3 or less restart(s)" classname="OSD E2E tests" status="skipped" time="0">
              <skipped message="skipped"></skipped>
          </testcase>
          <testcase name="[It] [Suite: informing] [OSD] Deployment Validation Operator (dvo) clusterRoles should exist" classname="OSD E2E tests" status="skipped" time="0">
              <skipped message="skipped"></skipped>
          </testcase>
          <testcase name="[It] [Suite: informing] [OSD] Deployment Validation Operator (dvo) Create and test deployment for DVO functionality" classname="OSD E2E tests" status="skipped" time="0">
              <skipped message="skipped"></skipped>
          </testcase>
          <testcase name="[It] [Suite: informing] [OSD] Deployment Validation Operator (dvo) pods Check logs in test namespace osde2e-dvo-test" classname="OSD E2E tests" status="skipped" time="0">
              <skipped message="skipped"></skipped>
          </testcase>
          <testcase name="[It] [Suite: scale-performance] Scaling should be tested with HTTP" classname="OSD E2E tests" status="skipped" time="0">
              <skipped message="skipped"></skipped>
          </testcase>
          <testcase name="[It] [Suite: informing] [OSD] hive ownership validating webhook hiveownership validating webhook dedicated admins cannot delete managed CRQs" classname="OSD E2E tests" status="skipped" time="0">
              <skipped message="skipped"></skipped>
          </testcase>
          <testcase name="[It] [Suite: informing] [OSD] hive ownership validating webhook hiveownership validating webhook a random user cannot delete managed CRQs" classname="OSD E2E tests" status="skipped" time="0">
              <skipped message="skipped"></skipped>
          </testcase>
          <testcase name="[It] [Suite: informing] [OSD] hive ownership validating webhook hiveownership validating webhook Members of SRE can update a managed quota object" classname="OSD E2E tests" status="skipped" time="0">
              <skipped message="skipped"></skipped>
          </testcase>
          <testcase name="[It] [Suite: informing] [OSD] hive ownership validating webhook hiveownership validating webhook as dedicated admin can update crqs inside the cluster that are non managed." classname="OSD E2E tests" status="skipped" time="0">
              <skipped message="skipped"></skipped>
          </testcase>
          <testcase name="[It] [Suite: informing] [OSD] hive ownership validating webhook hiveownership validating webhook as dedicated admin can create a crq inside the cluster that is non managed." classname="OSD E2E tests" status="skipped" time="0">
              <skipped message="skipped"></skipped>
          </testcase>
          <testcase name="[It] [Suite: informing] [OSD] Managed Upgrade Operator configmaps should exist" classname="OSD E2E tests" status="skipped" time="0">
              <skipped message="skipped"></skipped>
          </testcase>
          <testcase name="[It] [Suite: informing] [OSD] Managed Upgrade Operator deployment should exist" classname="OSD E2E tests" status="skipped" time="0">
              <skipped message="skipped"></skipped>
          </testcase>
          <testcase name="[It] [Suite: informing] [OSD] Managed Upgrade Operator deployment should have all desired replicas ready" classname="OSD E2E tests" status="skipped" time="0">
              <skipped message="skipped"></skipped>
          </testcase>
          <testcase name="[It] [Suite: informing] [OSD] Managed Upgrade Operator roleBindings should exist" classname="OSD E2E tests" status="skipped" time="0">
              <skipped message="skipped"></skipped>
          </testcase>
          <testcase name="[It] [Suite: informing] [OSD] Managed Upgrade Operator clusterRoles should exist" classname="OSD E2E tests" status="skipped" time="0">
              <skipped message="skipped"></skipped>
          </testcase>
          <testcase name="[It] [Suite: informing] [OSD] Managed Upgrade Operator clusterRoleBindings should exist" classname="OSD E2E tests" status="skipped" time="0">
              <skipped message="skipped"></skipped>
          </testcase>
          <testcase name="[It] [Suite: informing] [OSD] Managed Upgrade Operator when an upgrade config is received should not upgrade if the upgrade time is in the future" classname="OSD E2E tests" status="skipped" time="0">
              <skipped message="skipped"></skipped>
          </testcase>
          <testcase name="[It] [Suite: informing] [OSD] Managed Upgrade Operator when an upgrade config is received should error if the upgrade time is too far in the past" classname="OSD E2E tests" status="skipped" time="0">
              <skipped message="skipped"></skipped>
          </testcase>
          <testcase name="[It] [Suite: informing] [OSD] Managed Upgrade Operator when an upgrade config is received should error if provided an invalid start time" classname="OSD E2E tests" status="skipped" time="0">
              <skipped message="skipped"></skipped>
          </testcase>
          <testcase name="[It] [Suite: informing] [OSD] Managed Upgrade Operator upgradeconfig dedicated admin should not be able to manage the UpgradeConfig CR" classname="OSD E2E tests" status="skipped" time="0">
              <skipped message="skipped"></skipped>
          </testcase>
          <testcase name="[It] [Suite: service-definition] [OSD] DaemonSets DaemonSets are not allowed empty node-label daemonset should get created" classname="OSD E2E tests" status="skipped" time="0">
              <skipped message="skipped"></skipped>
          </testcase>
          <testcase name="[It] [Suite: service-definition] [OSD] DaemonSets DaemonSets are not allowed worker node daemonset should get created" classname="OSD E2E tests" status="skipped" time="0">
              <skipped message="skipped"></skipped>
          </testcase>
          <testcase name="[It] [Suite: service-definition] [OSD] DaemonSets DaemonSets are not allowed infra node daemonset should get created" classname="OSD E2E tests" status="skipped" time="0">
              <skipped message="skipped"></skipped>
          </testcase>
          <testcase name="[It] [Suite: informing] [OSD] User Workload Monitoring User Workload Monitoring has the required prerequisites for testing" classname="OSD E2E tests" status="skipped" time="0">
              <skipped message="skipped"></skipped>
          </testcase>
          <testcase name="[It] [Suite: informing] [OSD] User Workload Monitoring User Workload Monitoring has create access to the user-workload-monitoring-config configmap" classname="OSD E2E tests" status="skipped" time="0">
              <skipped message="skipped"></skipped>
          </testcase>
          <testcase name="[It] [Suite: informing] [OSD] User Workload Monitoring User Workload Monitoring has the required prometheus and thanos pods" classname="OSD E2E tests" status="skipped" time="0">
              <skipped message="skipped"></skipped>
          </testcase>
          <testcase name="[It] [Suite: informing] [OSD] User Workload Monitoring User Workload Monitoring has access to create SerivceMonitor objects" classname="OSD E2E tests" status="skipped" time="0">
              <skipped message="skipped"></skipped>
          </testcase>
          <testcase name="[It] [Suite: informing] [OSD] User Workload Monitoring User Workload Monitoring has access to create PrometheusRule objects" classname="OSD E2E tests" status="skipped" time="0">
              <skipped message="skipped"></skipped>
          </testcase>
          <testcase name="[It] [Suite: e2e] [OSD] RBAC Dedicated Admins SCC permissions Dedicated Admin permissions should include anyuid" classname="OSD E2E tests" status="skipped" time="0">
              <skipped message="skipped"></skipped>
          </testcase>
          <testcase name="[It] [Suite: e2e] [OSD] RBAC Dedicated Admins SCC permissions Dedicated Admin permissions should include nonroot" classname="OSD E2E tests" status="skipped" time="0">
              <skipped message="skipped"></skipped>
          </testcase>
          <testcase name="[It] [Suite: e2e] [OSD] RBAC Dedicated Admins SCC permissions Dedicated Admin permissions can create pods with SCCs" classname="OSD E2E tests" status="skipped" time="0">
              <skipped message="skipped"></skipped>
          </testcase>
          <testcase name="[It] [Suite: e2e] [OSD] RBAC Dedicated Admins SCC permissions scc-test new SCC does not break pods" classname="OSD E2E tests" status="skipped" time="0">
              <skipped message="skipped"></skipped>
          </testcase>
          <testcase name="[It] [Suite: conformance][k8s] should run until completion" classname="OSD E2E tests" status="skipped" time="0">
              <skipped message="skipped"></skipped>
          </testcase>
          <testcase name="[It] [Suite: operators] [OSD] RBAC Dedicated Admins SubjectPermission SubjectPermission should have the expected ClusterRoles, ClusterRoleBindings and RoleBindinsg" classname="OSD E2E tests" status="skipped" time="0">
              <skipped message="skipped"></skipped>
          </testcase>
          <testcase name="[It] [Suite: e2e] [OSD] Samesite Cookie Strict Validating samesite cookie should be set for openshift-monitoring OSD managed routes" classname="OSD E2E tests" status="skipped" time="0">
              <skipped message="skipped"></skipped>
          </testcase>
          <testcase name="[It] [Suite: e2e] [OSD] Samesite Cookie Strict Validating samesite cookie should be set for openshift-console OSD managed routes" classname="OSD E2E tests" status="skipped" time="0">
              <skipped message="skipped"></skipped>
          </testcase>
          <testcase name="[It] [Suite: e2e] Cluster state should include Prometheus data" classname="OSD E2E tests" status="skipped" time="0">
              <skipped message="skipped"></skipped>
          </testcase>
          <testcase name="[It] [Suite: e2e] [OSD] HTTP Strict Transport Security Validating HTTP strict transport security should be set for openshift-console OSD managed routes" classname="OSD E2E tests" status="skipped" time="0">
              <skipped message="skipped"></skipped>
          </testcase>
          <testcase name="[It] [Suite: e2e] [OSD] HTTP Strict Transport Security Validating HTTP strict transport security should be set for openshift-monitoring OSD managed routes" classname="OSD E2E tests" status="skipped" time="0">
              <skipped message="skipped"></skipped>
          </testcase>
          <testcase name="[It] [Suite: conformance][openshift] should run until completion" classname="OSD E2E tests" status="skipped" time="0">
              <skipped message="skipped"></skipped>
          </testcase>
          <testcase name="[It] [Suite: informing] [OSD] pod validating webhook worker nodes on worker nodes" classname="OSD E2E tests" status="skipped" time="0">
              <skipped message="skipped"></skipped>
          </testcase>
          <testcase name="[It] [Suite: informing] [OSD] hive ownership validating webhook hiveownership validating webhook dedicated admins cannot delete managed CRQs" classname="OSD E2E tests" status="skipped" time="0">
              <skipped message="skipped"></skipped>
          </testcase>
          <testcase name="[It] [Suite: informing] [OSD] hive ownership validating webhook hiveownership validating webhook a random user cannot delete managed CRQs" classname="OSD E2E tests" status="skipped" time="0">
              <skipped message="skipped"></skipped>
          </testcase>
          <testcase name="[It] [Suite: informing] [OSD] hive ownership validating webhook hiveownership validating webhook Members of SRE can update a managed quota object" classname="OSD E2E tests" status="skipped" time="0">
              <skipped message="skipped"></skipped>
          </testcase>
          <testcase name="[It] [Suite: informing] [OSD] hive ownership validating webhook hiveownership validating webhook as dedicated admin can update crqs inside the cluster that are non managed." classname="OSD E2E tests" status="skipped" time="0">
              <skipped message="skipped"></skipped>
          </testcase>
          <testcase name="[It] [Suite: informing] [OSD] hive ownership validating webhook hiveownership validating webhook as dedicated admin can create a crq inside the cluster that is non managed." classname="OSD E2E tests" status="skipped" time="0">
              <skipped message="skipped"></skipped>
          </testcase>
          <testcase name="[It] [Suite: informing] [OSD] dedicated-admin permissions dedicated-admin group permissions ded-admin SA can create projectrequest" classname="OSD E2E tests" status="skipped" time="0">
              <skipped message="skipped"></skipped>
          </testcase>
          <testcase name="[It] [Suite: informing] [OSD] dedicated-admin permissions dedicated-admin group permissions ded-admin user can create &#39;admin&#39; rolebinding" classname="OSD E2E tests" status="skipped" time="0">
              <skipped message="skipped"></skipped>
          </testcase>
          <testcase name="[It] [Suite: informing] [OSD] dedicated-admin permissions dedicated-admin group permissions ded-admin user can create edit rolebinding" classname="OSD E2E tests" status="skipped" time="0">
              <skipped message="skipped"></skipped>
          </testcase>
          <testcase name="[It] [Suite: informing] [OSD] dedicated-admin permissions dedicated-admin group permissions ded-admin SA can create &#39;edit&#39; rolebinding" classname="OSD E2E tests" status="skipped" time="0">
              <skipped message="skipped"></skipped>
          </testcase>
          <testcase name="[It] [Suite: informing] [OSD] dedicated-admin permissions dedicated-admin group permissions ded-admin SA can create &#39;admin&#39; rolebinding" classname="OSD E2E tests" status="skipped" time="0">
              <skipped message="skipped"></skipped>
          </testcase>
          <testcase name="[It] [Suite: informing] [OSD] dedicated-admin permissions dedicated-admin group permissions ded-admin SA can delete project" classname="OSD E2E tests" status="skipped" time="0">
              <skipped message="skipped"></skipped>
          </testcase>
          <testcase name="[It] [Suite: informing] [OSD] dedicated-admin permissions dedicated-admin group permissions ded-admin can manage secrets in selected namespaces" classname="OSD E2E tests" status="skipped" time="0">
              <skipped message="skipped"></skipped>
          </testcase>
          <testcase name="[It] [Suite: informing] [OSD] dedicated-admin permissions dedicated-admin group permissions ded-admin can manage subscriptions in selected namespaces" classname="OSD E2E tests" status="skipped" time="0">
              <skipped message="skipped"></skipped>
          </testcase>
          <testcase name="[It] [Suite: informing] [OSD] dedicated-admin permissions dedicated-admin group permissions dedicated-admin user can patch consoles.operator.openshift.io CR" classname="OSD E2E tests" status="skipped" time="0">
              <skipped message="skipped"></skipped>
          </testcase>
          <testcase name="[It] [Suite: operators] [OSD] Prune jobs pruner jobs should works builds-pruner should run successfully" classname="OSD E2E tests" status="skipped" time="0">
              <skipped message="skipped"></skipped>
          </testcase>
          <testcase name="[It] [Suite: operators] [OSD] Prune jobs pruner jobs should works deployments-pruner should run successfully" classname="OSD E2E tests" status="skipped" time="0">
              <skipped message="skipped"></skipped>
          </testcase>
          <testcase name="[It] [Suite: operators] [OSD] Managed Velero Operator configmaps should exist" classname="OSD E2E tests" status="skipped" time="0">
              <skipped message="skipped"></skipped>
          </testcase>
          <testcase name="[It] [Suite: operators] [OSD] Managed Velero Operator deployment should exist" classname="OSD E2E tests" status="skipped" time="0">
              <skipped message="skipped"></skipped>
          </testcase>
          <testcase name="[It] [Suite: operators] [OSD] Managed Velero Operator deployment should have all desired replicas ready" classname="OSD E2E tests" status="skipped" time="0">
              <skipped message="skipped"></skipped>
          </testcase>
          <testcase name="[It] [Suite: operators] [OSD] Managed Velero Operator deployment should exist" classname="OSD E2E tests" status="skipped" time="0">
              <skipped message="skipped"></skipped>
          </testcase>
          <testcase name="[It] [Suite: operators] [OSD] Managed Velero Operator deployment should have all desired replicas ready" classname="OSD E2E tests" status="skipped" time="0">
              <skipped message="skipped"></skipped>
          </testcase>
          <testcase name="[It] [Suite: operators] [OSD] Managed Velero Operator roles should exist" classname="OSD E2E tests" status="skipped" time="0">
              <skipped message="skipped"></skipped>
          </testcase>
          <testcase name="[It] [Suite: operators] [OSD] Managed Velero Operator roleBindings should exist" classname="OSD E2E tests" status="skipped" time="0">
              <skipped message="skipped"></skipped>
          </testcase>
          <testcase name="[It] [Suite: operators] [OSD] Managed Velero Operator velero backups should be complete" classname="OSD E2E tests" status="skipped" time="0">
              <skipped message="skipped"></skipped>
          </testcase>
          <testcase name="[It] [Suite: operators] [OSD] Managed Velero Operator velero Access should be forbidden to edit Backups" classname="OSD E2E tests" status="skipped" time="0">
              <skipped message="skipped"></skipped>
          </testcase>
          <testcase name="[It] [Suite: operators] [OSD] Managed Velero Operator velero Access should be forbidden to edit Restore" classname="OSD E2E tests" status="skipped" time="0">
              <skipped message="skipped"></skipped>
          </testcase>
          <testcase name="[It] [Suite: operators] [OSD] Managed Velero Operator velero Access should be forbidden to edit DeleteBackupRequests" classname="OSD E2E tests" status="skipped" time="0">
              <skipped message="skipped"></skipped>
          </testcase>
          <testcase name="[It] [Suite: operators] [OSD] Managed Velero Operator velero Access should be forbidden to edit BackupStorageLocations" classname="OSD E2E tests" status="skipped" time="0">
              <skipped message="skipped"></skipped>
          </testcase>
          <testcase name="[It] [Suite: operators] [OSD] Managed Velero Operator velero Access should be forbidden to edit DownloadRequests" classname="OSD E2E tests" status="skipped" time="0">
              <skipped message="skipped"></skipped>
          </testcase>
          <testcase name="[It] [Suite: operators] [OSD] Managed Velero Operator velero Access should be forbidden to edit PodVolumeBackups" classname="OSD E2E tests" status="skipped" time="0">
              <skipped message="skipped"></skipped>
          </testcase>
          <testcase name="[It] [Suite: operators] [OSD] Managed Velero Operator velero Access should be forbidden to edit PodVolumeRestores" classname="OSD E2E tests" status="skipped" time="0">
              <skipped message="skipped"></skipped>
          </testcase>
          <testcase name="[It] [Suite: operators] [OSD] Managed Velero Operator velero Access should be forbidden to edit VolumeSnapshotLocations" classname="OSD E2E tests" status="skipped" time="0">
              <skipped message="skipped"></skipped>
          </testcase>
          <testcase name="[It] [Suite: operators] [OSD] Managed Velero Operator velero Access should be forbidden to edit Schedules" classname="OSD E2E tests" status="skipped" time="0">
              <skipped message="skipped"></skipped>
          </testcase>
          <testcase name="[It] [Suite: operators] [OSD] Managed Velero Operator velero Access should be forbidden to edit ServerStatusRequests" classname="OSD E2E tests" status="skipped" time="0">
              <skipped message="skipped"></skipped>
          </testcase>
          <testcase name="[It] [Suite: operators] [OSD] Managed Velero Operator velero Access should be forbidden to edit RestricRepository" classname="OSD E2E tests" status="skipped" time="0">
              <skipped message="skipped"></skipped>
          </testcase>
          <testcase name="[It] [Suite: operators] [OSD] Managed Velero Operator velero Access should be allowed to edit Backups" classname="OSD E2E tests" status="skipped" time="0">
              <skipped message="skipped"></skipped>
          </testcase>
          <testcase name="[It] [Suite: operators] [OSD] Managed Velero Operator velero Access should be allowed to edit Restore" classname="OSD E2E tests" status="skipped" time="0">
              <skipped message="skipped"></skipped>
          </testcase>
          <testcase name="[It] [Suite: operators] [OSD] Managed Velero Operator velero Access should be allowed to edit DeleteBackupRequests" classname="OSD E2E tests" status="skipped" time="0">
              <skipped message="skipped"></skipped>
          </testcase>
          <testcase name="[It] [Suite: operators] [OSD] Managed Velero Operator velero Access should be allowed to edit BackupStorageLocations" classname="OSD E2E tests" status="skipped" time="0">
              <skipped message="skipped"></skipped>
          </testcase>
          <testcase name="[It] [Suite: operators] [OSD] Managed Velero Operator velero Access should be allowed to edit DownloadRequests" classname="OSD E2E tests" status="skipped" time="0">
              <skipped message="skipped"></skipped>
          </testcase>
          <testcase name="[It] [Suite: operators] [OSD] Managed Velero Operator velero Access should be allowed to edit PodVolumeBackups" classname="OSD E2E tests" status="skipped" time="0">
              <skipped message="skipped"></skipped>
          </testcase>
          <testcase name="[It] [Suite: operators] [OSD] Managed Velero Operator velero Access should be allowed to edit PodVolumeRestores" classname="OSD E2E tests" status="skipped" time="0">
              <skipped message="skipped"></skipped>
          </testcase>
          <testcase name="[It] [Suite: operators] [OSD] Managed Velero Operator velero Access should be allowed to edit VolumeSnapshotLocations" classname="OSD E2E tests" status="skipped" time="0">
              <skipped message="skipped"></skipped>
          </testcase>
          <testcase name="[It] [Suite: operators] [OSD] Managed Velero Operator velero Access should be allowed to edit Schedules" classname="OSD E2E tests" status="skipped" time="0">
              <skipped message="skipped"></skipped>
          </testcase>
          <testcase name="[It] [Suite: operators] [OSD] Managed Velero Operator velero Access should be allowed to edit ServerStatusRequests" classname="OSD E2E tests" status="skipped" time="0">
              <skipped message="skipped"></skipped>
          </testcase>
          <testcase name="[It] [Suite: operators] [OSD] Managed Velero Operator velero Access should be allowed to edit RestricRepository" classname="OSD E2E tests" status="skipped" time="0">
              <skipped message="skipped"></skipped>
          </testcase>
          <testcase name="[It] [Suite: operators] [OSD] Managed Velero Operator clusterRoles should exist" classname="OSD E2E tests" status="skipped" time="0">
              <skipped message="skipped"></skipped>
          </testcase>
          <testcase name="[It] [Suite: operators] [OSD] Managed Velero Operator clusterRoleBindings should exist" classname="OSD E2E tests" status="skipped" time="0">
              <skipped message="skipped"></skipped>
          </testcase>
          <testcase name="[It] [Suite: informing] [OSD] OLM Managed OpenShift Operators subscriptions are satisfied" classname="OSD E2E tests" status="skipped" time="0">
              <skipped message="skipped"></skipped>
          </testcase>
          <testcase name="[It] [Suite: informing] CloudIngressOperator Delete apps2 ingresscontroller Should not be able to delete the ApplicationIngress that doesn&#39;t belong to CIO" classname="OSD E2E tests" status="skipped" time="0">
              <skipped message="skipped"></skipped>
          </testcase>
          <testcase name="[It] [Suite: e2e] Routes should be created for Console" classname="OSD E2E tests" status="skipped" time="0">
              <skipped message="skipped"></skipped>
          </testcase>
          <testcase name="[It] [Suite: e2e] Routes should be functioning for Console" classname="OSD E2E tests" status="skipped" time="0">
              <skipped message="skipped"></skipped>
          </testcase>
          <testcase name="[It] [Suite: e2e] Routes should be created for oauth" classname="OSD E2E tests" status="skipped" time="0">
              <skipped message="skipped"></skipped>
          </testcase>
          <testcase name="[It] [Suite: e2e] Routes should be functioning for oauth" classname="OSD E2E tests" status="skipped" time="0">
              <skipped message="skipped"></skipped>
          </testcase>
          <testcase name="[It] [Suite: informing] CloudIngressOperator publishingstrategy-certificate IngressController should be patched when update Certificate" classname="OSD E2E tests" status="skipped" time="0">
              <skipped message="skipped"></skipped>
          </testcase>
          <testcase name="[It] [Suite: informing] CloudIngressOperator publishingstrategy-certificate IngressController should be patched when return the original Certificate" classname="OSD E2E tests" status="skipped" time="0">
              <skipped message="skipped"></skipped>
          </testcase>
          <testcase name="[It] [Suite: informing] [OSD] pod validating webhook pod webhook Verify the validation webhook service is running" classname="OSD E2E tests" status="skipped" time="0">
              <skipped message="skipped"></skipped>
          </testcase>
          <testcase name="[It] [Suite: informing] [OSD] pod validating webhook pod webhook Test 1: Webhook will mark pod spec invalid and block deploying" classname="OSD E2E tests" status="skipped" time="0">
              <skipped message="skipped"></skipped>
          </testcase>
          <testcase name="[It] [Suite: informing] [OSD] pod validating webhook pod webhook Test 2: Webhook will mark pod spec invalid and block deploying" classname="OSD E2E tests" status="skipped" time="0">
              <skipped message="skipped"></skipped>
          </testcase>
          <testcase name="[It] [Suite: informing] [OSD] pod validating webhook pod webhook Webhook will allow pod to deploy" classname="OSD E2E tests" status="skipped" time="0">
              <skipped message="skipped"></skipped>
          </testcase>
          <testcase name="[It] [Suite: informing] [OSD] pod validating webhook pod webhook Webhook will allow pod to deploy" classname="OSD E2E tests" status="skipped" time="0">
              <skipped message="skipped"></skipped>
          </testcase>
          <testcase name="[It] [Suite: informing] [OSD] pod validating webhook pod webhook RBAC will deny deploying pod" classname="OSD E2E tests" status="skipped" time="0">
              <skipped message="skipped"></skipped>
          </testcase>
          <testcase name="[It] [Suite: informing] [OSD] pod validating webhook pod webhook RBAC will deny deploying pod" classname="OSD E2E tests" status="skipped" time="0">
              <skipped message="skipped"></skipped>
          </testcase>
          <testcase name="[It] [Suite: operators] [OSD] Custom Domains Operator Should allow dedicated-admins to Create customdomains that are resolvable by external services" classname="OSD E2E tests" status="skipped" time="0">
              <skipped message="skipped"></skipped>
          </testcase>
          <testcase name="[It] [Suite: operators] [OSD] Custom Domains Operator Should allow dedicated-admins to Replace certificates" classname="OSD E2E tests" status="skipped" time="0">
              <skipped message="skipped"></skipped>
          </testcase>
          <testcase name="[It] [Suite: e2e] [OSD] OCM Metrics do exist and are not empty" classname="OSD E2E tests" status="skipped" time="0">
              <skipped message="skipped"></skipped>
          </testcase>
          <testcase name="[It] [Suite: e2e] [OSD] OCM Quay Fallback uses a quay mirror when quay is unavailable" classname="OSD E2E tests" status="skipped" time="0">
              <skipped message="skipped"></skipped>
          </testcase>
          <testcase name="[It] [Suite: operators] [OSD] RBAC Operator clusterServiceVersion openshift-rbac-permissions/rbac-permissions-operator should be present and in succeeded state" classname="OSD E2E tests" status="skipped" time="0">
              <skipped message="skipped"></skipped>
          </testcase>
          <testcase name="[It] [Suite: operators] [OSD] RBAC Operator configmaps should exist" classname="OSD E2E tests" status="skipped" time="0">
              <skipped message="skipped"></skipped>
          </testcase>
          <testcase name="[It] [Suite: operators] [OSD] RBAC Operator deployment should exist" classname="OSD E2E tests" status="skipped" time="0">
              <skipped message="skipped"></skipped>
          </testcase>
          <testcase name="[It] [Suite: operators] [OSD] RBAC Operator deployment should have all desired replicas ready" classname="OSD E2E tests" status="skipped" time="0">
              <skipped message="skipped"></skipped>
          </testcase>
          <testcase name="[It] [Suite: operators] [OSD] RBAC Operator clusterRoles should exist" classname="OSD E2E tests" status="skipped" time="0">
              <skipped message="skipped"></skipped>
          </testcase>
          <testcase name="[It] [Suite: operators] [OSD] RBAC Operator Operator Upgrade should upgrade from the replaced version" classname="OSD E2E tests" status="skipped" time="0">
              <skipped message="skipped"></skipped>
          </testcase>
          <testcase name="[It] [Suite: e2e] Workload (redmine) should get created in the cluster" classname="OSD E2E tests" status="skipped" time="0">
              <skipped message="skipped"></skipped>
          </testcase>
          <testcase name="[It] [Suite: informing] [OSD] pod validating webhook worker nodes on worker nodes" classname="OSD E2E tests" status="skipped" time="0">
              <skipped message="skipped"></skipped>
          </testcase>
          <testcase name="[It] [Suite: operators] CloudIngressOperator apischeme apischemes CR instance must be present on cluster" classname="OSD E2E tests" status="skipped" time="0">
              <skipped message="skipped"></skipped>
          </testcase>
          <testcase name="[It] [Suite: operators] CloudIngressOperator apischeme dedicated admin should not be allowed to manage apischemes CR" classname="OSD E2E tests" status="skipped" time="0">
              <skipped message="skipped"></skipped>
          </testcase>
          <testcase name="[It] [Suite: operators] CloudIngressOperator apischeme cluster admin should be allowed to manage apischemes CR" classname="OSD E2E tests" status="skipped" time="0">
              <skipped message="skipped"></skipped>
          </testcase>
          <testcase name="[It] [Suite: e2e] Validation Webhook should exist and be running in the cluster" classname="OSD E2E tests" status="skipped" time="0">
              <skipped message="skipped"></skipped>
          </testcase>
          <testcase name="[It] [Suite: informing] [OSD] User Workload Monitoring User Workload Monitoring has the required prerequisites for testing" classname="OSD E2E tests" status="skipped" time="0">
              <skipped message="skipped"></skipped>
          </testcase>
          <testcase name="[It] [Suite: informing] [OSD] User Workload Monitoring User Workload Monitoring has create access to the user-workload-monitoring-config configmap" classname="OSD E2E tests" status="skipped" time="0">
              <skipped message="skipped"></skipped>
          </testcase>
          <testcase name="[It] [Suite: informing] [OSD] User Workload Monitoring User Workload Monitoring has the required prometheus and thanos pods" classname="OSD E2E tests" status="skipped" time="0">
              <skipped message="skipped"></skipped>
          </testcase>
          <testcase name="[It] [Suite: informing] [OSD] User Workload Monitoring User Workload Monitoring has access to create SerivceMonitor objects" classname="OSD E2E tests" status="skipped" time="0">
              <skipped message="skipped"></skipped>
          </testcase>
          <testcase name="[It] [Suite: informing] [OSD] User Workload Monitoring User Workload Monitoring has access to create PrometheusRule objects" classname="OSD E2E tests" status="skipped" time="0">
              <skipped message="skipped"></skipped>
          </testcase>
          <testcase name="[It] [Suite: informing] [OSD] Splunk Forwarder Operator clusterServiceVersion openshift-splunk-forwarder-operator/splunk-forwarder-operator should be present and in succeeded state" classname="OSD E2E tests" status="skipped" time="0">
              <skipped message="skipped"></skipped>
          </testcase>
          <testcase name="[It] [Suite: informing] [OSD] Splunk Forwarder Operator configmaps should exist" classname="OSD E2E tests" status="skipped" time="0">
              <skipped message="skipped"></skipped>
          </testcase>
          <testcase name="[It] [Suite: informing] [OSD] Splunk Forwarder Operator deployment should exist" classname="OSD E2E tests" status="skipped" time="0">
              <skipped message="skipped"></skipped>
          </testcase>
          <testcase name="[It] [Suite: informing] [OSD] Splunk Forwarder Operator deployment should have all desired replicas ready" classname="OSD E2E tests" status="skipped" time="0">
              <skipped message="skipped"></skipped>
          </testcase>
          <testcase name="[It] [Suite: informing] [OSD] Splunk Forwarder Operator clusterRoleBindings should exist" classname="OSD E2E tests" status="skipped" time="0">
              <skipped message="skipped"></skipped>
          </testcase>
          <testcase name="[It] [Suite: informing] [OSD] Splunk Forwarder Operator clusterRoles should exist" classname="OSD E2E tests" status="skipped" time="0">
              <skipped message="skipped"></skipped>
          </testcase>
          <testcase name="[It] [Suite: informing] [OSD] Splunk Forwarder Operator Operator Upgrade should upgrade from the replaced version" classname="OSD E2E tests" status="skipped" time="0">
              <skipped message="skipped"></skipped>
          </testcase>
          <testcase name="[It] [Suite: informing] [OSD] Splunk Forwarder Operator splunkforwarders dedicated admin should not be able to manage SplunkForwarders CR" classname="OSD E2E tests" status="skipped" time="0">
              <skipped message="skipped"></skipped>
          </testcase>
          <testcase name="[It] [Suite: informing] CloudIngressOperator publishingstrategy-public-private should be able to toggle the default applicationingress from public to private" classname="OSD E2E tests" status="skipped" time="0">
              <skipped message="skipped"></skipped>
          </testcase>
          <testcase name="[It] [Suite: informing] CloudIngressOperator publishingstrategy-public-private should be able to toggle the default applicationingress from private to public" classname="OSD E2E tests" status="skipped" time="0">
              <skipped message="skipped"></skipped>
          </testcase>
          <testcase name="[It] [Suite: informing] [OSD] Managed Upgrade Operator configmaps should exist" classname="OSD E2E tests" status="skipped" time="0">
              <skipped message="skipped"></skipped>
          </testcase>
          <testcase name="[It] [Suite: informing] [OSD] Managed Upgrade Operator deployment should exist" classname="OSD E2E tests" status="skipped" time="0">
              <skipped message="skipped"></skipped>
          </testcase>
          <testcase name="[It] [Suite: informing] [OSD] Managed Upgrade Operator deployment should have all desired replicas ready" classname="OSD E2E tests" status="skipped" time="0">
              <skipped message="skipped"></skipped>
          </testcase>
          <testcase name="[It] [Suite: informing] [OSD] Managed Upgrade Operator roleBindings should exist" classname="OSD E2E tests" status="skipped" time="0">
              <skipped message="skipped"></skipped>
          </testcase>
          <testcase name="[It] [Suite: informing] [OSD] Managed Upgrade Operator clusterRoles should exist" classname="OSD E2E tests" status="skipped" time="0">
              <skipped message="skipped"></skipped>
          </testcase>
          <testcase name="[It] [Suite: informing] [OSD] Managed Upgrade Operator clusterRoleBindings should exist" classname="OSD E2E tests" status="skipped" time="0">
              <skipped message="skipped"></skipped>
          </testcase>
          <testcase name="[It] [Suite: informing] [OSD] Managed Upgrade Operator when an upgrade config is received should not upgrade if the upgrade time is in the future" classname="OSD E2E tests" status="skipped" time="0">
              <skipped message="skipped"></skipped>
          </testcase>
          <testcase name="[It] [Suite: informing] [OSD] Managed Upgrade Operator when an upgrade config is received should error if the upgrade time is too far in the past" classname="OSD E2E tests" status="skipped" time="0">
              <skipped message="skipped"></skipped>
          </testcase>
          <testcase name="[It] [Suite: informing] [OSD] Managed Upgrade Operator when an upgrade config is received should error if provided an invalid start time" classname="OSD E2E tests" status="skipped" time="0">
              <skipped message="skipped"></skipped>
          </testcase>
          <testcase name="[It] [Suite: informing] [OSD] Managed Upgrade Operator upgradeconfig dedicated admin should not be able to manage the UpgradeConfig CR" classname="OSD E2E tests" status="skipped" time="0">
              <skipped message="skipped"></skipped>
          </testcase>
          <testcase name="[It] [Suite: operators] AlertmanagerInhibitions should exist" classname="OSD E2E tests" status="skipped" time="0">
              <skipped message="skipped"></skipped>
          </testcase>
          <testcase name="[It] [Suite: operators] AlertmanagerInhibitions inhibits ClusterOperatorDegraded" classname="OSD E2E tests" status="skipped" time="0">
              <skipped message="skipped"></skipped>
          </testcase>
          <testcase name="[It] [Suite: e2e] [OSD] Prometheus Exporters should exist and be running in the cluster" classname="OSD E2E tests" status="skipped" time="0">
              <skipped message="skipped"></skipped>
          </testcase>
          <testcase name="[It] [Suite: openshift][image-registry] should run until completion" classname="OSD E2E tests" status="skipped" time="0">
              <skipped message="skipped"></skipped>
          </testcase>
          <testcase name="[It] [Suite: e2e] [OSD] RBAC Dedicated Admins SCC permissions Dedicated Admin permissions should include anyuid" classname="OSD E2E tests" status="skipped" time="0">
              <skipped message="skipped"></skipped>
          </testcase>
          <testcase name="[It] [Suite: e2e] [OSD] RBAC Dedicated Admins SCC permissions Dedicated Admin permissions should include nonroot" classname="OSD E2E tests" status="skipped" time="0">
              <skipped message="skipped"></skipped>
          </testcase>
          <testcase name="[It] [Suite: e2e] [OSD] RBAC Dedicated Admins SCC permissions Dedicated Admin permissions can create pods with SCCs" classname="OSD E2E tests" status="skipped" time="0">
              <skipped message="skipped"></skipped>
          </testcase>
          <testcase name="[It] [Suite: e2e] [OSD] RBAC Dedicated Admins SCC permissions scc-test new SCC does not break pods" classname="OSD E2E tests" status="skipped" time="0">
              <skipped message="skipped"></skipped>
          </testcase>
          <testcase name="[It] [Suite: informing] Load Balancers router/ingress load balancer should exist" classname="OSD E2E tests" status="skipped" time="0">
              <skipped message="skipped"></skipped>
          </testcase>
          <testcase name="[It] [Suite: informing] Load Balancers external load balancer should exist" classname="OSD E2E tests" status="skipped" time="0">
              <skipped message="skipped"></skipped>
          </testcase>
          <testcase name="[It] [Suite: operators] CloudIngressOperator rh-api-lb-test manually deleted LB should be recreated in AWS" classname="OSD E2E tests" status="skipped" time="0">
              <skipped message="skipped"></skipped>
          </testcase>
          <testcase name="[It] [Suite: operators] [OSD] RBAC Dedicated Admins SubjectPermission SubjectPermission should have the expected ClusterRoles, ClusterRoleBindings and RoleBindinsg" classname="OSD E2E tests" status="skipped" time="0">
              <skipped message="skipped"></skipped>
          </testcase>
          <testcase name="[It] [Suite: e2e] Validation Webhook should exist and be running in the cluster" classname="OSD E2E tests" status="skipped" time="0">
              <skipped message="skipped"></skipped>
          </testcase>
          <testcase name="[It] [Suite: operators] [OSD] RBAC Operator clusterServiceVersion openshift-rbac-permissions/rbac-permissions-operator should be present and in succeeded state" classname="OSD E2E tests" status="skipped" time="0">
              <skipped message="skipped"></skipped>
          </testcase>
          <testcase name="[It] [Suite: operators] [OSD] RBAC Operator configmaps should exist" classname="OSD E2E tests" status="skipped" time="0">
              <skipped message="skipped"></skipped>
          </testcase>
          <testcase name="[It] [Suite: operators] [OSD] RBAC Operator deployment should exist" classname="OSD E2E tests" status="skipped" time="0">
              <skipped message="skipped"></skipped>
          </testcase>
          <testcase name="[It] [Suite: operators] [OSD] RBAC Operator deployment should have all desired replicas ready" classname="OSD E2E tests" status="skipped" time="0">
              <skipped message="skipped"></skipped>
          </testcase>
          <testcase name="[It] [Suite: operators] [OSD] RBAC Operator clusterRoles should exist" classname="OSD E2E tests" status="skipped" time="0">
              <skipped message="skipped"></skipped>
          </testcase>
          <testcase name="[It] [Suite: operators] [OSD] RBAC Operator Operator Upgrade should upgrade from the replaced version" classname="OSD E2E tests" status="skipped" time="0">
              <skipped message="skipped"></skipped>
          </testcase>
          <testcase name="[It] [Suite: informing] [OSD] Route Monitor Operator (rmo) clusterServiceVersion openshift-route-monitor-operator/Route Monitor Operator should be present and in succeeded state" classname="OSD E2E tests" status="skipped" time="0">
              <skipped message="skipped"></skipped>
          </testcase>
          <testcase name="[It] [Suite: informing] [OSD] Route Monitor Operator (rmo) deployment should exist" classname="OSD E2E tests" status="skipped" time="0">
              <skipped message="skipped"></skipped>
          </testcase>
          <testcase name="[It] [Suite: informing] [OSD] Route Monitor Operator (rmo) deployment should have all desired replicas ready" classname="OSD E2E tests" status="skipped" time="0">
              <skipped message="skipped"></skipped>
          </testcase>
          <testcase name="[It] [Suite: informing] [OSD] Route Monitor Operator (rmo) clusterRoles should exist" classname="OSD E2E tests" status="skipped" time="0">
              <skipped message="skipped"></skipped>
          </testcase>
          <testcase name="[It] [Suite: informing] [OSD] Route Monitor Operator (rmo) Operator Upgrade should upgrade from the replaced version" classname="OSD E2E tests" status="skipped" time="0">
              <skipped message="skipped"></skipped>
          </testcase>
          <testcase name="[It] [Suite: informing] [OSD] Route Monitor Operator (rmo) rmo Route Monitor Operator regression for console has all of the required resouces" classname="OSD E2E tests" status="skipped" time="0">
              <skipped message="skipped"></skipped>
          </testcase>
          <testcase name="[It] [Suite: informing] [OSD] Route Monitor Operator (rmo) rmo Route Monitor Operator integration test Creates and deletes a RouteMonitor to see if it works accordingly" classname="OSD E2E tests" status="skipped" time="0">
              <skipped message="skipped"></skipped>
          </testcase>
          <testcase name="[It] [Suite: e2e] [OSD] namespace validating webhook namespace validating webhook dedicated admins cannot manage privileged namespaces" classname="OSD E2E tests" status="skipped" time="0">
              <skipped message="skipped"></skipped>
          </testcase>
          <testcase name="[It] [Suite: e2e] [OSD] namespace validating webhook namespace validating webhook Non-privileged users cannot manage privileged namespaces" classname="OSD E2E tests" status="skipped" time="0">
              <skipped message="skipped"></skipped>
          </testcase>
          <testcase name="[It] [Suite: e2e] [OSD] namespace validating webhook namespace validating webhook Privileged users can manage all namespaces" classname="OSD E2E tests" status="skipped" time="0">
              <skipped message="skipped"></skipped>
          </testcase>
          <testcase name="[It] [Suite: e2e] [OSD] namespace validating webhook namespace validating webhook Non-privileged users can manage all non-privileged namespaces" classname="OSD E2E tests" status="skipped" time="0">
              <skipped message="skipped"></skipped>
          </testcase>
          <testcase name="[It] [Suite: e2e] [OSD] namespace validating webhook namespace validating webhook dedicated admin can not create PrometheusRule" classname="OSD E2E tests" status="skipped" time="0">
              <skipped message="skipped"></skipped>
          </testcase>
          <testcase name="[It] [Suite: e2e] [OSD] namespace validating webhook namespace validating webhook Non-privileged users cannot create prometheusrule in privileged namespaces" classname="OSD E2E tests" status="skipped" time="0">
              <skipped message="skipped"></skipped>
          </testcase>
          <testcase name="[It] [Suite: e2e] [OSD] namespace validating webhook namespace validating webhook Privileged users can create prometheusrule in all namespaces" classname="OSD E2E tests" status="skipped" time="0">
              <skipped message="skipped"></skipped>
          </testcase>
          <testcase name="[It] [Suite: e2e] [OSD] namespace validating webhook namespace validating webhook Non-privileged users can create prometheusrule all non-privileged namespaces" classname="OSD E2E tests" status="skipped" time="0">
              <skipped message="skipped"></skipped>
          </testcase>
          <testcase name="[It] [Suite: openshift][disruptive] should run until completion" classname="OSD E2E tests" status="skipped" time="0">
              <skipped message="skipped"></skipped>
          </testcase>
          <testcase name="[It] [Suite: e2e] [OSD] Prometheus Exporters should exist and be running in the cluster" classname="OSD E2E tests" status="skipped" time="0">
              <skipped message="skipped"></skipped>
          </testcase>
          <testcase name="[It] [Suite: operators] [OSD] Configure AlertManager Operator clusterServiceVersion openshift-monitoring/configure-alertmanager-operator should be present and in succeeded state" classname="OSD E2E tests" status="skipped" time="0">
              <skipped message="skipped"></skipped>
          </testcase>
          <testcase name="[It] [Suite: operators] [OSD] Configure AlertManager Operator configmaps should exist" classname="OSD E2E tests" status="skipped" time="0">
              <skipped message="skipped"></skipped>
          </testcase>
          <testcase name="[It] [Suite: operators] [OSD] Configure AlertManager Operator deployment should exist" classname="OSD E2E tests" status="skipped" time="0">
              <skipped message="skipped"></skipped>
          </testcase>
          <testcase name="[It] [Suite: operators] [OSD] Configure AlertManager Operator deployment should have all desired replicas ready" classname="OSD E2E tests" status="skipped" time="0">
              <skipped message="skipped"></skipped>
          </testcase>
          <testcase name="[It] [Suite: operators] [OSD] Configure AlertManager Operator clusterRoles should exist" classname="OSD E2E tests" status="skipped" time="0">
              <skipped message="skipped"></skipped>
          </testcase>
          <testcase name="[It] [Suite: operators] [OSD] Configure AlertManager Operator clusterRoleBindings should exist" classname="OSD E2E tests" status="skipped" time="0">
              <skipped message="skipped"></skipped>
          </testcase>
          <testcase name="[It] [Suite: operators] [OSD] Configure AlertManager Operator serviceAccounts should exist" classname="OSD E2E tests" status="skipped" time="0">
              <skipped message="skipped"></skipped>
          </testcase>
          <testcase name="[It] [Suite: operators] [OSD] Configure AlertManager Operator roles with prefix should exist" classname="OSD E2E tests" status="skipped" time="0">
              <skipped message="skipped"></skipped>
          </testcase>
          <testcase name="[It] [Suite: operators] [OSD] Configure AlertManager Operator roles with prefix should exist" classname="OSD E2E tests" status="skipped" time="0">
              <skipped message="skipped"></skipped>
          </testcase>
          <testcase name="[It] [Suite: operators] [OSD] Configure AlertManager Operator Operator Upgrade should upgrade from the replaced version" classname="OSD E2E tests" status="skipped" time="0">
              <skipped message="skipped"></skipped>
          </testcase>
          <testcase name="[It] [Suite: service-definition] [OSD] regularuser validating webhook regularuser validating webhook Privledged users allowed to create autoscalers and delete clusterversion objects" classname="OSD E2E tests" status="skipped" time="0">
              <skipped message="skipped"></skipped>
          </testcase>
          <testcase name="[It] [Suite: operators] [OSD] OSD Metrics Exporter Basic Test clusterServiceVersion openshift-osd-metrics/osd-metrics-exporter should be present and in succeeded state" classname="OSD E2E tests" status="skipped" time="0">
              <skipped message="skipped"></skipped>
          </testcase>
          <testcase name="[It] [Suite: operators] [OSD] OSD Metrics Exporter Basic Test deployment should exist" classname="OSD E2E tests" status="skipped" time="0">
              <skipped message="skipped"></skipped>
          </testcase>
          <testcase name="[It] [Suite: operators] [OSD] OSD Metrics Exporter Basic Test deployment should have all desired replicas ready" classname="OSD E2E tests" status="skipped" time="0">
              <skipped message="skipped"></skipped>
          </testcase>
          <testcase name="[It] [Suite: operators] [OSD] OSD Metrics Exporter Basic Test clusterRoles should exist" classname="OSD E2E tests" status="skipped" time="0">
              <skipped message="skipped"></skipped>
          </testcase>
          <testcase name="[It] [Suite: operators] [OSD] OSD Metrics Exporter Basic Test clusterRoleBindings should exist" classname="OSD E2E tests" status="skipped" time="0">
              <skipped message="skipped"></skipped>
          </testcase>
          <testcase name="[It] [Suite: operators] [OSD] OSD Metrics Exporter Basic Test service should exist" classname="OSD E2E tests" status="skipped" time="0">
              <skipped message="skipped"></skipped>
          </testcase>
          <testcase name="[It] [Suite: operators] [OSD] OSD Metrics Exporter Basic Test Operator Upgrade should upgrade from the replaced version" classname="OSD E2E tests" status="skipped" time="0">
              <skipped message="skipped"></skipped>
          </testcase>
          <testcase name="[It] [Suite: app-builds] OpenShift Application Build E2E should get created in the cluster" classname="OSD E2E tests" status="skipped" time="0">
              <skipped message="skipped"></skipped>
          </testcase>
      </testsuite>
  </testsuites>